###############################################################################
#
# IAR ELF Linker V9.60.3.422/W64 for ARM                  04/Mar/2026  15:14:23
# Copyright 2007-2024 IAR Systems AB.
#
#    Output file  =
#        D:\STM\STM2 PI\P_FPI\YSF4_HAL_MOTOR-658.
#        FOC_v5.4.3_42PMSM_encoder\YS-F4_FOC-021.
#        FOC_v5.4.3_42PMSM_encoder\EWARM\YS-F4_FOC-021.
#        FOC_v5.4.3_42PMSM_encoder\Exe\YS-F4_FOC-021.
#        FOC_v5.4.3_42PMSM_encoder.out
#    Map file     =
#        D:\STM\STM2 PI\P_FPI\YSF4_HAL_MOTOR-658.
#        FOC_v5.4.3_42PMSM_encoder\YS-F4_FOC-021.
#        FOC_v5.4.3_42PMSM_encoder\EWARM\YS-F4_FOC-021.
#        FOC_v5.4.3_42PMSM_encoder\List\YS-F4_FOC-021.
#        FOC_v5.4.3_42PMSM_encoder.map
#    Command line =
#        -f "D:\STM\STM2 PI\P_FPI\YSF4_HAL_MOTOR-658.
#        FOC_v5.4.3_42PMSM_encoder\YS-F4_FOC-021.
#        FOC_v5.4.3_42PMSM_encoder\EWARM\YS-F4_FOC-021.
#        FOC_v5.4.3_42PMSM_encoder\Exe\YS-F4_FOC-021.
#        FOC_v5.4.3_42PMSM_encoder.out.rsp" ("D:\STM\STM2
#        PI\P_FPI\YSF4_HAL_MOTOR-658. FOC_v5.4.3_42PMSM_encoder\YS-F4_FOC-021.
#        FOC_v5.4.3_42PMSM_encoder\EWARM\YS-F4_FOC-021.
#        FOC_v5.4.3_42PMSM_encoder\Obj\User_8454777428142420917.dir\AD7606.o"
#        "D:\STM\STM2 PI\P_FPI\YSF4_HAL_MOTOR-658.
#        FOC_v5.4.3_42PMSM_encoder\YS-F4_FOC-021.
#        FOC_v5.4.3_42PMSM_encoder\EWARM\YS-F4_FOC-021.
#        FOC_v5.4.3_42PMSM_encoder\Obj\User_8454777428142420917.dir\ADgpio.o"
#        "D:\STM\STM2 PI\P_FPI\YSF4_HAL_MOTOR-658.
#        FOC_v5.4.3_42PMSM_encoder\YS-F4_FOC-021.
#        FOC_v5.4.3_42PMSM_encoder\EWARM\YS-F4_FOC-021.
#        FOC_v5.4.3_42PMSM_encoder\Obj\User_8454777428142420917.dir\ADspi.o"
#        "D:\STM\STM2 PI\P_FPI\YSF4_HAL_MOTOR-658.
#        FOC_v5.4.3_42PMSM_encoder\YS-F4_FOC-021.
#        FOC_v5.4.3_42PMSM_encoder\EWARM\YS-F4_FOC-021.
#        FOC_v5.4.3_42PMSM_encoder\Obj\User_8454777428142420917.dir\ADtim.o"
#        "D:\STM\STM2 PI\P_FPI\YSF4_HAL_MOTOR-658.
#        FOC_v5.4.3_42PMSM_encoder\YS-F4_FOC-021.
#        FOC_v5.4.3_42PMSM_encoder\EWARM\YS-F4_FOC-021.
#        FOC_v5.4.3_42PMSM_encoder\Obj\User_8454777428142420917.dir\bsp_CAN.o"
#        "D:\STM\STM2 PI\P_FPI\YSF4_HAL_MOTOR-658.
#        FOC_v5.4.3_42PMSM_encoder\YS-F4_FOC-021.
#        FOC_v5.4.3_42PMSM_encoder\EWARM\YS-F4_FOC-021.
#        FOC_v5.4.3_42PMSM_encoder\Obj\User_8454777428142420917.dir\bsp_key.o"
#        "D:\STM\STM2 PI\P_FPI\YSF4_HAL_MOTOR-658.
#        FOC_v5.4.3_42PMSM_encoder\YS-F4_FOC-021.
#        FOC_v5.4.3_42PMSM_encoder\EWARM\YS-F4_FOC-021.
#        FOC_v5.4.3_42PMSM_encoder\Obj\MotorControl_8024592486813348213.dir\bus_voltage_sensor.o"
#        "D:\STM\STM2 PI\P_FPI\YSF4_HAL_MOTOR-658.
#        FOC_v5.4.3_42PMSM_encoder\YS-F4_FOC-021.
#        FOC_v5.4.3_42PMSM_encoder\EWARM\YS-F4_FOC-021.
#        FOC_v5.4.3_42PMSM_encoder\Obj\MotorControl_8024592486813348213.dir\circle_limitation.o"
#        "D:\STM\STM2 PI\P_FPI\YSF4_HAL_MOTOR-658.
#        FOC_v5.4.3_42PMSM_encoder\YS-F4_FOC-021.
#        FOC_v5.4.3_42PMSM_encoder\EWARM\YS-F4_FOC-021.
#        FOC_v5.4.3_42PMSM_encoder\Obj\MotorControl_8024592486813348213.dir\digital_output.o"
#        "D:\STM\STM2 PI\P_FPI\YSF4_HAL_MOTOR-658.
#        FOC_v5.4.3_42PMSM_encoder\YS-F4_FOC-021.
#        FOC_v5.4.3_42PMSM_encoder\EWARM\YS-F4_FOC-021.
#        FOC_v5.4.3_42PMSM_encoder\Obj\MotorControl_8024592486813348213.dir\enc_align_ctrl.o"
#        "D:\STM\STM2 PI\P_FPI\YSF4_HAL_MOTOR-658.
#        FOC_v5.4.3_42PMSM_encoder\YS-F4_FOC-021.
#        FOC_v5.4.3_42PMSM_encoder\EWARM\YS-F4_FOC-021.
#        FOC_v5.4.3_42PMSM_encoder\Obj\MotorControl_8024592486813348213.dir\encoder_speed_pos_fdbk.o"
#        "D:\STM\STM2 PI\P_FPI\YSF4_HAL_MOTOR-658.
#        FOC_v5.4.3_42PMSM_encoder\YS-F4_FOC-021.
#        FOC_v5.4.3_42PMSM_encoder\EWARM\YS-F4_FOC-021.
#        FOC_v5.4.3_42PMSM_encoder\Obj\MotorControl_8024592486813348213.dir\frame_communication_protocol.o"
#        "D:\STM\STM2 PI\P_FPI\YSF4_HAL_MOTOR-658.
#        FOC_v5.4.3_42PMSM_encoder\YS-F4_FOC-021.
#        FOC_v5.4.3_42PMSM_encoder\EWARM\YS-F4_FOC-021.
#        FOC_v5.4.3_42PMSM_encoder\Obj\User_8454777428142420917.dir\Handwheel_encoder.o"
#        "D:\STM\STM2 PI\P_FPI\YSF4_HAL_MOTOR-658.
#        FOC_v5.4.3_42PMSM_encoder\YS-F4_FOC-021.
#        FOC_v5.4.3_42PMSM_encoder\EWARM\YS-F4_FOC-021.
#        FOC_v5.4.3_42PMSM_encoder\Obj\User_8454777428142420917.dir\luenberge.o"
#        "D:\STM\STM2 PI\P_FPI\YSF4_HAL_MOTOR-658.
#        FOC_v5.4.3_42PMSM_encoder\YS-F4_FOC-021.
#        FOC_v5.4.3_42PMSM_encoder\EWARM\YS-F4_FOC-021.
#        FOC_v5.4.3_42PMSM_encoder\Obj\User_8454777428142420917.dir\main.o"
#        "D:\STM\STM2 PI\P_FPI\YSF4_HAL_MOTOR-658.
#        FOC_v5.4.3_42PMSM_encoder\YS-F4_FOC-021.
#        FOC_v5.4.3_42PMSM_encoder\EWARM\YS-F4_FOC-021.
#        FOC_v5.4.3_42PMSM_encoder\Obj\User_8454777428142420917.dir\Matrx.o"
#        "D:\STM\STM2 PI\P_FPI\YSF4_HAL_MOTOR-658.
#        FOC_v5.4.3_42PMSM_encoder\YS-F4_FOC-021.
#        FOC_v5.4.3_42PMSM_encoder\EWARM\YS-F4_FOC-021.
#        FOC_v5.4.3_42PMSM_encoder\Obj\User_8454777428142420917.dir\mc_api.o"
#        "D:\STM\STM2 PI\P_FPI\YSF4_HAL_MOTOR-658.
#        FOC_v5.4.3_42PMSM_encoder\YS-F4_FOC-021.
#        FOC_v5.4.3_42PMSM_encoder\EWARM\YS-F4_FOC-021.
#        FOC_v5.4.3_42PMSM_encoder\Obj\User_8454777428142420917.dir\mc_config.o"
#        "D:\STM\STM2 PI\P_FPI\YSF4_HAL_MOTOR-658.
#        FOC_v5.4.3_42PMSM_encoder\YS-F4_FOC-021.
#        FOC_v5.4.3_42PMSM_encoder\EWARM\YS-F4_FOC-021.
#        FOC_v5.4.3_42PMSM_encoder\Obj\User_8454777428142420917.dir\mc_interface.o"
#        "D:\STM\STM2 PI\P_FPI\YSF4_HAL_MOTOR-658.
#        FOC_v5.4.3_42PMSM_encoder\YS-F4_FOC-021.
#        FOC_v5.4.3_42PMSM_encoder\EWARM\YS-F4_FOC-021.
#        FOC_v5.4.3_42PMSM_encoder\Obj\User_8454777428142420917.dir\mc_math.o"
#        "D:\STM\STM2 PI\P_FPI\YSF4_HAL_MOTOR-658.
#        FOC_v5.4.3_42PMSM_encoder\YS-F4_FOC-021.
#        FOC_v5.4.3_42PMSM_encoder\EWARM\YS-F4_FOC-021.
#        FOC_v5.4.3_42PMSM_encoder\Obj\User_8454777428142420917.dir\mc_parameters.o"
#        "D:\STM\STM2 PI\P_FPI\YSF4_HAL_MOTOR-658.
#        FOC_v5.4.3_42PMSM_encoder\YS-F4_FOC-021.
#        FOC_v5.4.3_42PMSM_encoder\EWARM\YS-F4_FOC-021.
#        FOC_v5.4.3_42PMSM_encoder\Obj\User_8454777428142420917.dir\mc_position.o"
#        "D:\STM\STM2 PI\P_FPI\YSF4_HAL_MOTOR-658.
#        FOC_v5.4.3_42PMSM_encoder\YS-F4_FOC-021.
#        FOC_v5.4.3_42PMSM_encoder\EWARM\YS-F4_FOC-021.
#        FOC_v5.4.3_42PMSM_encoder\Obj\User_8454777428142420917.dir\mc_tasks.o"
#        "D:\STM\STM2 PI\P_FPI\YSF4_HAL_MOTOR-658.
#        FOC_v5.4.3_42PMSM_encoder\YS-F4_FOC-021.
#        FOC_v5.4.3_42PMSM_encoder\EWARM\YS-F4_FOC-021.
#        FOC_v5.4.3_42PMSM_encoder\Obj\User_8454777428142420917.dir\motor_control_protocol.o"
#        "D:\STM\STM2 PI\P_FPI\YSF4_HAL_MOTOR-658.
#        FOC_v5.4.3_42PMSM_encoder\YS-F4_FOC-021.
#        FOC_v5.4.3_42PMSM_encoder\EWARM\YS-F4_FOC-021.
#        FOC_v5.4.3_42PMSM_encoder\Obj\MotorControl_8024592486813348213.dir\motor_power_measurement.o"
#        "D:\STM\STM2 PI\P_FPI\YSF4_HAL_MOTOR-658.
#        FOC_v5.4.3_42PMSM_encoder\YS-F4_FOC-021.
#        FOC_v5.4.3_42PMSM_encoder\EWARM\YS-F4_FOC-021.
#        FOC_v5.4.3_42PMSM_encoder\Obj\User_8454777428142420917.dir\motorcontrol.o"
#        "D:\STM\STM2 PI\P_FPI\YSF4_HAL_MOTOR-658.
#        FOC_v5.4.3_42PMSM_encoder\YS-F4_FOC-021.
#        FOC_v5.4.3_42PMSM_encoder\EWARM\YS-F4_FOC-021.
#        FOC_v5.4.3_42PMSM_encoder\Obj\MotorControl_8024592486813348213.dir\ntc_temperature_sensor.o"
#        "D:\STM\STM2 PI\P_FPI\YSF4_HAL_MOTOR-658.
#        FOC_v5.4.3_42PMSM_encoder\YS-F4_FOC-021.
#        FOC_v5.4.3_42PMSM_encoder\EWARM\YS-F4_FOC-021.
#        FOC_v5.4.3_42PMSM_encoder\Obj\MotorControl_8024592486813348213.dir\open_loop.o"
#        "D:\STM\STM2 PI\P_FPI\YSF4_HAL_MOTOR-658.
#        FOC_v5.4.3_42PMSM_encoder\YS-F4_FOC-021.
#        FOC_v5.4.3_42PMSM_encoder\EWARM\YS-F4_FOC-021.
#        FOC_v5.4.3_42PMSM_encoder\Obj\MotorControl_8024592486813348213.dir\pid_regulator.o"
#        "D:\STM\STM2 PI\P_FPI\YSF4_HAL_MOTOR-658.
#        FOC_v5.4.3_42PMSM_encoder\YS-F4_FOC-021.
#        FOC_v5.4.3_42PMSM_encoder\EWARM\YS-F4_FOC-021.
#        FOC_v5.4.3_42PMSM_encoder\Obj\MotorControl_8024592486813348213.dir\pqd_motor_power_measurement.o"
#        "D:\STM\STM2 PI\P_FPI\YSF4_HAL_MOTOR-658.
#        FOC_v5.4.3_42PMSM_encoder\YS-F4_FOC-021.
#        FOC_v5.4.3_42PMSM_encoder\EWARM\YS-F4_FOC-021.
#        FOC_v5.4.3_42PMSM_encoder\Obj\MotorControl_8024592486813348213.dir\pwm_common.o"
#        "D:\STM\STM2 PI\P_FPI\YSF4_HAL_MOTOR-658.
#        FOC_v5.4.3_42PMSM_encoder\YS-F4_FOC-021.
#        FOC_v5.4.3_42PMSM_encoder\EWARM\YS-F4_FOC-021.
#        FOC_v5.4.3_42PMSM_encoder\Obj\MotorControl_8024592486813348213.dir\pwm_curr_fdbk.o"
#        "D:\STM\STM2 PI\P_FPI\YSF4_HAL_MOTOR-658.
#        FOC_v5.4.3_42PMSM_encoder\YS-F4_FOC-021.
#        FOC_v5.4.3_42PMSM_encoder\EWARM\YS-F4_FOC-021.
#        FOC_v5.4.3_42PMSM_encoder\Obj\MotorControl_8024592486813348213.dir\r3_2_f4xx_pwm_curr_fdbk.o"
#        "D:\STM\STM2 PI\P_FPI\YSF4_HAL_MOTOR-658.
#        FOC_v5.4.3_42PMSM_encoder\YS-F4_FOC-021.
#        FOC_v5.4.3_42PMSM_encoder\EWARM\YS-F4_FOC-021.
#        FOC_v5.4.3_42PMSM_encoder\Obj\MotorControl_8024592486813348213.dir\r_divider_bus_voltage_sensor.o"
#        "D:\STM\STM2 PI\P_FPI\YSF4_HAL_MOTOR-658.
#        FOC_v5.4.3_42PMSM_encoder\YS-F4_FOC-021.
#        FOC_v5.4.3_42PMSM_encoder\EWARM\YS-F4_FOC-021.
#        FOC_v5.4.3_42PMSM_encoder\Obj\MotorControl_8024592486813348213.dir\ramp_ext_mngr.o"
#        "D:\STM\STM2 PI\P_FPI\YSF4_HAL_MOTOR-658.
#        FOC_v5.4.3_42PMSM_encoder\YS-F4_FOC-021.
#        FOC_v5.4.3_42PMSM_encoder\EWARM\YS-F4_FOC-021.
#        FOC_v5.4.3_42PMSM_encoder\Obj\User_8454777428142420917.dir\regular_conversion_manager.o"
#        "D:\STM\STM2 PI\P_FPI\YSF4_HAL_MOTOR-658.
#        FOC_v5.4.3_42PMSM_encoder\YS-F4_FOC-021.
#        FOC_v5.4.3_42PMSM_encoder\EWARM\YS-F4_FOC-021.
#        FOC_v5.4.3_42PMSM_encoder\Obj\MotorControl_8024592486813348213.dir\revup_ctrl.o"
#        "D:\STM\STM2 PI\P_FPI\YSF4_HAL_MOTOR-658.
#        FOC_v5.4.3_42PMSM_encoder\YS-F4_FOC-021.
#        FOC_v5.4.3_42PMSM_encoder\EWARM\YS-F4_FOC-021.
#        FOC_v5.4.3_42PMSM_encoder\Obj\MotorControl_8024592486813348213.dir\speed_pos_fdbk.o"
#        "D:\STM\STM2 PI\P_FPI\YSF4_HAL_MOTOR-658.
#        FOC_v5.4.3_42PMSM_encoder\YS-F4_FOC-021.
#        FOC_v5.4.3_42PMSM_encoder\EWARM\YS-F4_FOC-021.
#        FOC_v5.4.3_42PMSM_encoder\Obj\MotorControl_8024592486813348213.dir\speed_torq_ctrl.o"
#        "D:\STM\STM2 PI\P_FPI\YSF4_HAL_MOTOR-658.
#        FOC_v5.4.3_42PMSM_encoder\YS-F4_FOC-021.
#        FOC_v5.4.3_42PMSM_encoder\EWARM\YS-F4_FOC-021.
#        FOC_v5.4.3_42PMSM_encoder\Obj\EWARM_18443280873093131863.dir\startup_stm32f407xx.o"
#        "D:\STM\STM2 PI\P_FPI\YSF4_HAL_MOTOR-658.
#        FOC_v5.4.3_42PMSM_encoder\YS-F4_FOC-021.
#        FOC_v5.4.3_42PMSM_encoder\EWARM\YS-F4_FOC-021.
#        FOC_v5.4.3_42PMSM_encoder\Obj\MotorControl_8024592486813348213.dir\state_machine.o"
#        "D:\STM\STM2 PI\P_FPI\YSF4_HAL_MOTOR-658.
#        FOC_v5.4.3_42PMSM_encoder\YS-F4_FOC-021.
#        FOC_v5.4.3_42PMSM_encoder\EWARM\YS-F4_FOC-021.
#        FOC_v5.4.3_42PMSM_encoder\Obj\STM32F4xx_HAL_Driver_1244631019742807970.dir\stm32f4xx_hal.o"
#        "D:\STM\STM2 PI\P_FPI\YSF4_HAL_MOTOR-658.
#        FOC_v5.4.3_42PMSM_encoder\YS-F4_FOC-021.
#        FOC_v5.4.3_42PMSM_encoder\EWARM\YS-F4_FOC-021.
#        FOC_v5.4.3_42PMSM_encoder\Obj\STM32F4xx_HAL_Driver_1244631019742807970.dir\stm32f4xx_hal_adc.o"
#        "D:\STM\STM2 PI\P_FPI\YSF4_HAL_MOTOR-658.
#        FOC_v5.4.3_42PMSM_encoder\YS-F4_FOC-021.
#        FOC_v5.4.3_42PMSM_encoder\EWARM\YS-F4_FOC-021.
#        FOC_v5.4.3_42PMSM_encoder\Obj\STM32F4xx_HAL_Driver_1244631019742807970.dir\stm32f4xx_hal_adc_ex.o"
#        "D:\STM\STM2 PI\P_FPI\YSF4_HAL_MOTOR-658.
#        FOC_v5.4.3_42PMSM_encoder\YS-F4_FOC-021.
#        FOC_v5.4.3_42PMSM_encoder\EWARM\YS-F4_FOC-021.
#        FOC_v5.4.3_42PMSM_encoder\Obj\STM32F4xx_HAL_Driver_1244631019742807970.dir\stm32f4xx_hal_can.o"
#        "D:\STM\STM2 PI\P_FPI\YSF4_HAL_MOTOR-658.
#        FOC_v5.4.3_42PMSM_encoder\YS-F4_FOC-021.
#        FOC_v5.4.3_42PMSM_encoder\EWARM\YS-F4_FOC-021.
#        FOC_v5.4.3_42PMSM_encoder\Obj\STM32F4xx_HAL_Driver_1244631019742807970.dir\stm32f4xx_hal_cortex.o"
#        "D:\STM\STM2 PI\P_FPI\YSF4_HAL_MOTOR-658.
#        FOC_v5.4.3_42PMSM_encoder\YS-F4_FOC-021.
#        FOC_v5.4.3_42PMSM_encoder\EWARM\YS-F4_FOC-021.
#        FOC_v5.4.3_42PMSM_encoder\Obj\STM32F4xx_HAL_Driver_1244631019742807970.dir\stm32f4xx_hal_dma.o"
#        "D:\STM\STM2 PI\P_FPI\YSF4_HAL_MOTOR-658.
#        FOC_v5.4.3_42PMSM_encoder\YS-F4_FOC-021.
#        FOC_v5.4.3_42PMSM_encoder\EWARM\YS-F4_FOC-021.
#        FOC_v5.4.3_42PMSM_encoder\Obj\STM32F4xx_HAL_Driver_1244631019742807970.dir\stm32f4xx_hal_dma_ex.o"
#        "D:\STM\STM2 PI\P_FPI\YSF4_HAL_MOTOR-658.
#        FOC_v5.4.3_42PMSM_encoder\YS-F4_FOC-021.
#        FOC_v5.4.3_42PMSM_encoder\EWARM\YS-F4_FOC-021.
#        FOC_v5.4.3_42PMSM_encoder\Obj\STM32F4xx_HAL_Driver_1244631019742807970.dir\stm32f4xx_hal_exti.o"
#        "D:\STM\STM2 PI\P_FPI\YSF4_HAL_MOTOR-658.
#        FOC_v5.4.3_42PMSM_encoder\YS-F4_FOC-021.
#        FOC_v5.4.3_42PMSM_encoder\EWARM\YS-F4_FOC-021.
#        FOC_v5.4.3_42PMSM_encoder\Obj\STM32F4xx_HAL_Driver_1244631019742807970.dir\stm32f4xx_hal_flash.o"
#        "D:\STM\STM2 PI\P_FPI\YSF4_HAL_MOTOR-658.
#        FOC_v5.4.3_42PMSM_encoder\YS-F4_FOC-021.
#        FOC_v5.4.3_42PMSM_encoder\EWARM\YS-F4_FOC-021.
#        FOC_v5.4.3_42PMSM_encoder\Obj\STM32F4xx_HAL_Driver_1244631019742807970.dir\stm32f4xx_hal_flash_ex.o"
#        "D:\STM\STM2 PI\P_FPI\YSF4_HAL_MOTOR-658.
#        FOC_v5.4.3_42PMSM_encoder\YS-F4_FOC-021.
#        FOC_v5.4.3_42PMSM_encoder\EWARM\YS-F4_FOC-021.
#        FOC_v5.4.3_42PMSM_encoder\Obj\STM32F4xx_HAL_Driver_1244631019742807970.dir\stm32f4xx_hal_flash_ramfunc.o"
#        "D:\STM\STM2 PI\P_FPI\YSF4_HAL_MOTOR-658.
#        FOC_v5.4.3_42PMSM_encoder\YS-F4_FOC-021.
#        FOC_v5.4.3_42PMSM_encoder\EWARM\YS-F4_FOC-021.
#        FOC_v5.4.3_42PMSM_encoder\Obj\STM32F4xx_HAL_Driver_1244631019742807970.dir\stm32f4xx_hal_gpio.o"
#        "D:\STM\STM2 PI\P_FPI\YSF4_HAL_MOTOR-658.
#        FOC_v5.4.3_42PMSM_encoder\YS-F4_FOC-021.
#        FOC_v5.4.3_42PMSM_encoder\EWARM\YS-F4_FOC-021.
#        FOC_v5.4.3_42PMSM_encoder\Obj\User_8454777428142420917.dir\stm32f4xx_hal_msp.o"
#        "D:\STM\STM2 PI\P_FPI\YSF4_HAL_MOTOR-658.
#        FOC_v5.4.3_42PMSM_encoder\YS-F4_FOC-021.
#        FOC_v5.4.3_42PMSM_encoder\EWARM\YS-F4_FOC-021.
#        FOC_v5.4.3_42PMSM_encoder\Obj\STM32F4xx_HAL_Driver_1244631019742807970.dir\stm32f4xx_hal_pwr.o"
#        "D:\STM\STM2 PI\P_FPI\YSF4_HAL_MOTOR-658.
#        FOC_v5.4.3_42PMSM_encoder\YS-F4_FOC-021.
#        FOC_v5.4.3_42PMSM_encoder\EWARM\YS-F4_FOC-021.
#        FOC_v5.4.3_42PMSM_encoder\Obj\STM32F4xx_HAL_Driver_1244631019742807970.dir\stm32f4xx_hal_pwr_ex.o"
#        "D:\STM\STM2 PI\P_FPI\YSF4_HAL_MOTOR-658.
#        FOC_v5.4.3_42PMSM_encoder\YS-F4_FOC-021.
#        FOC_v5.4.3_42PMSM_encoder\EWARM\YS-F4_FOC-021.
#        FOC_v5.4.3_42PMSM_encoder\Obj\STM32F4xx_HAL_Driver_1244631019742807970.dir\stm32f4xx_hal_rcc.o"
#        "D:\STM\STM2 PI\P_FPI\YSF4_HAL_MOTOR-658.
#        FOC_v5.4.3_42PMSM_encoder\YS-F4_FOC-021.
#        FOC_v5.4.3_42PMSM_encoder\EWARM\YS-F4_FOC-021.
#        FOC_v5.4.3_42PMSM_encoder\Obj\STM32F4xx_HAL_Driver_1244631019742807970.dir\stm32f4xx_hal_rcc_ex.o"
#        "D:\STM\STM2 PI\P_FPI\YSF4_HAL_MOTOR-658.
#        FOC_v5.4.3_42PMSM_encoder\YS-F4_FOC-021.
#        FOC_v5.4.3_42PMSM_encoder\EWARM\YS-F4_FOC-021.
#        FOC_v5.4.3_42PMSM_encoder\Obj\STM32F4xx_HAL_Driver_1244631019742807970.dir\stm32f4xx_hal_spi.o"
#        "D:\STM\STM2 PI\P_FPI\YSF4_HAL_MOTOR-658.
#        FOC_v5.4.3_42PMSM_encoder\YS-F4_FOC-021.
#        FOC_v5.4.3_42PMSM_encoder\EWARM\YS-F4_FOC-021.
#        FOC_v5.4.3_42PMSM_encoder\Obj\STM32F4xx_HAL_Driver_1244631019742807970.dir\stm32f4xx_hal_tim.o"
#        "D:\STM\STM2 PI\P_FPI\YSF4_HAL_MOTOR-658.
#        FOC_v5.4.3_42PMSM_encoder\YS-F4_FOC-021.
#        FOC_v5.4.3_42PMSM_encoder\EWARM\YS-F4_FOC-021.
#        FOC_v5.4.3_42PMSM_encoder\Obj\STM32F4xx_HAL_Driver_1244631019742807970.dir\stm32f4xx_hal_tim_ex.o"
#        "D:\STM\STM2 PI\P_FPI\YSF4_HAL_MOTOR-658.
#        FOC_v5.4.3_42PMSM_encoder\YS-F4_FOC-021.
#        FOC_v5.4.3_42PMSM_encoder\EWARM\YS-F4_FOC-021.
#        FOC_v5.4.3_42PMSM_encoder\Obj\STM32F4xx_HAL_Driver_1244631019742807970.dir\stm32f4xx_hal_uart.o"
#        "D:\STM\STM2 PI\P_FPI\YSF4_HAL_MOTOR-658.
#        FOC_v5.4.3_42PMSM_encoder\YS-F4_FOC-021.
#        FOC_v5.4.3_42PMSM_encoder\EWARM\YS-F4_FOC-021.
#        FOC_v5.4.3_42PMSM_encoder\Obj\User_8454777428142420917.dir\stm32f4xx_it.o"
#        "D:\STM\STM2 PI\P_FPI\YSF4_HAL_MOTOR-658.
#        FOC_v5.4.3_42PMSM_encoder\YS-F4_FOC-021.
#        FOC_v5.4.3_42PMSM_encoder\EWARM\YS-F4_FOC-021.
#        FOC_v5.4.3_42PMSM_encoder\Obj\User_8454777428142420917.dir\stm32f4xx_mc_it.o"
#        "D:\STM\STM2 PI\P_FPI\YSF4_HAL_MOTOR-658.
#        FOC_v5.4.3_42PMSM_encoder\YS-F4_FOC-021.
#        FOC_v5.4.3_42PMSM_encoder\EWARM\YS-F4_FOC-021.
#        FOC_v5.4.3_42PMSM_encoder\Obj\CMSIS_6603591812247902717.dir\system_stm32f4xx.o"
#        "D:\STM\STM2 PI\P_FPI\YSF4_HAL_MOTOR-658.
#        FOC_v5.4.3_42PMSM_encoder\YS-F4_FOC-021.
#        FOC_v5.4.3_42PMSM_encoder\EWARM\YS-F4_FOC-021.
#        FOC_v5.4.3_42PMSM_encoder\Obj\MotorControl_8024592486813348213.dir\ui_irq_handler.o"
#        "D:\STM\STM2 PI\P_FPI\YSF4_HAL_MOTOR-658.
#        FOC_v5.4.3_42PMSM_encoder\YS-F4_FOC-021.
#        FOC_v5.4.3_42PMSM_encoder\EWARM\YS-F4_FOC-021.
#        FOC_v5.4.3_42PMSM_encoder\Obj\User_8454777428142420917.dir\ui_task.o"
#        "D:\STM\STM2 PI\P_FPI\YSF4_HAL_MOTOR-658.
#        FOC_v5.4.3_42PMSM_encoder\YS-F4_FOC-021.
#        FOC_v5.4.3_42PMSM_encoder\EWARM\YS-F4_FOC-021.
#        FOC_v5.4.3_42PMSM_encoder\Obj\MotorControl_8024592486813348213.dir\usart_frame_communication_protocol.o"
#        "D:\STM\STM2 PI\P_FPI\YSF4_HAL_MOTOR-658.
#        FOC_v5.4.3_42PMSM_encoder\YS-F4_FOC-021.
#        FOC_v5.4.3_42PMSM_encoder\EWARM\YS-F4_FOC-021.
#        FOC_v5.4.3_42PMSM_encoder\Obj\User_8454777428142420917.dir\user_interface.o"
#        "D:\STM\STM2 PI\P_FPI\YSF4_HAL_MOTOR-658.
#        FOC_v5.4.3_42PMSM_encoder\YS-F4_FOC-021.
#        FOC_v5.4.3_42PMSM_encoder\EWARM\YS-F4_FOC-021.
#        FOC_v5.4.3_42PMSM_encoder\Obj\MotorControl_8024592486813348213.dir\virtual_speed_sensor.o"
#        --redirect _Printf=_PrintfFull --redirect _Scanf=_ScanfFull
#        --no_out_extension -o "D:\STM\STM2 PI\P_FPI\YSF4_HAL_MOTOR-658.
#        FOC_v5.4.3_42PMSM_encoder\YS-F4_FOC-021.
#        FOC_v5.4.3_42PMSM_encoder\EWARM\YS-F4_FOC-021.
#        FOC_v5.4.3_42PMSM_encoder\Exe\YS-F4_FOC-021.
#        FOC_v5.4.3_42PMSM_encoder.out" --map "D:\STM\STM2
#        PI\P_FPI\YSF4_HAL_MOTOR-658. FOC_v5.4.3_42PMSM_encoder\YS-F4_FOC-021.
#        FOC_v5.4.3_42PMSM_encoder\EWARM\YS-F4_FOC-021.
#        FOC_v5.4.3_42PMSM_encoder\List\YS-F4_FOC-021.
#        FOC_v5.4.3_42PMSM_encoder.map" --config "D:\STM\STM2
#        PI\P_FPI\YSF4_HAL_MOTOR-658. FOC_v5.4.3_42PMSM_encoder\YS-F4_FOC-021.
#        FOC_v5.4.3_42PMSM_encoder\EWARM/stm32f407xx_flash.icf" --semihosting
#        --entry __iar_program_start --vfe --text_out locale --cpu=Cortex-M4
#        --fpu=VFPv4_sp) --dependencies=n "D:\STM\STM2
#        PI\P_FPI\YSF4_HAL_MOTOR-658. FOC_v5.4.3_42PMSM_encoder\YS-F4_FOC-021.
#        FOC_v5.4.3_42PMSM_encoder\EWARM\YS-F4_FOC-021.
#        FOC_v5.4.3_42PMSM_encoder\Exe\YS-F4_FOC-021.
#        FOC_v5.4.3_42PMSM_encoder.out.iar_deps"
#
###############################################################################

*******************************************************************************
*** RUNTIME MODEL ATTRIBUTES
***

CppFlavor       = *
__CPP_Runtime   = 1
__Heap_Handler  = NoFree
__SystemLibrary = DLib
__dlib_version  = 6


*******************************************************************************
*** HEAP SELECTION
***

The no free heap was selected because no calls to memory
deallocation functions were found in the application.


*******************************************************************************
*** PLACEMENT SUMMARY
***

"A0":  place at address 0x800'0000 { ro section .intvec };
"P1":  place in [from 0x800'0000 to 0x80f'ffff] { ro };
define block CSTACK with size = 1K, alignment = 8 { };
define block HEAP with size = 512, alignment = 8 { };
"P2":  place in [from 0x2000'0000 to 0x2001'ffff] {
          rw, block CSTACK, block HEAP };
initialize by copy { rw };

  Section            Kind         Address  Alignment    Size  Object
  -------            ----         -------  ---------    ----  ------
"A0":                                                  0x188
  .intvec            ro code   0x800'0000          4   0x188  startup_stm32f407xx.o [2]
                             - 0x800'0188              0x188

"P1":                                                 0x8df7
  .text              ro code   0x800'0188          4   0x6c0  stm32f4xx_hal_can.o [4]
  .text              ro code   0x800'0848          4   0x120  bsp_CAN.o [5]
  .text              ro code   0x800'0968          4     0xc  stm32f4xx_hal.o [4]
  .text              ro code   0x800'0974          2     0x2  stm32f4xx_hal_can.o [4]
  .text              ro code   0x800'0976          2    0x7e  lz77_init_single.o [8]
  .text              ro code   0x800'09f4          4   0x5ec  main.o [5]
  .text              ro code   0x800'0fe0          2     0x2  stm32f4xx_hal_can.o [4]
  .text              ro code   0x800'0fe2          2    0x52  r3_2_f4xx_pwm_curr_fdbk.o [3]
  .text              ro code   0x800'1034          4   0x208  stm32f4xx_hal_gpio.o [4]
  .text              ro code   0x800'123c          4    0xf0  stm32f4xx_hal_cortex.o [4]
  .text              ro code   0x800'132c          4    0x38  stm32f4xx_hal.o [4]
  .text              ro code   0x800'1364          4   0x220  ADgpio.o [5]
  .text              ro code   0x800'1584          4   0x2ec  stm32f4xx_hal_adc.o [4]
  .text              ro code   0x800'1870          4   0x194  stm32f4xx_hal_adc_ex.o [4]
  .text              ro code   0x800'1a04          4    0xf4  ADspi.o [5]
  .text              ro code   0x800'1af8          4     0x6  ABImemclr4.o [8]
  .text              ro code   0x800'1afe          2    0x3e  r3_2_f4xx_pwm_curr_fdbk.o [3]
  .text              ro code   0x800'1b3c          4   0x5fc  stm32f4xx_hal_tim.o [4]
  .text              ro code   0x800'2138          4    0xfa  stm32f4xx_hal_tim_ex.o [4]
  .text              ro code   0x800'2232          2    0x26  usart_frame_communication_protocol.o [3]
  .text              ro code   0x800'2258          4   0x394  stm32f4xx_hal_msp.o [5]
  .text              ro code   0x800'25ec          4    0xa4  ADtim.o [5]
  .text              ro code   0x800'2690          4    0x7c  Handwheel_encoder.o [5]
  .text              ro code   0x800'270c          4   0x1a0  stm32f4xx_hal_uart.o [4]
  .text              ro code   0x800'28ac          4    0x44  motorcontrol.o [5]
  .text              ro code   0x800'28f0          4   0x14c  bsp_key.o [5]
  .text              ro code   0x800'2a3c          4    0x40  AD7606.o [5]
  .text              ro code   0x800'2a7c          4   0x350  stm32f4xx_hal_rcc.o [4]
  .text              ro code   0x800'2dcc          4   0x170  stm32f4xx_hal_rcc.o [4]
  .text              ro code   0x800'2f3c          4     0xc  mc_api.o [5]
  .text              ro code   0x800'2f48          4   0x180  mc_position.o [5]
  .text              ro code   0x800'30c8          4     0xc  mc_api.o [5]
  .text              ro code   0x800'30d4          2     0x2  stm32f4xx_hal_cortex.o [4]
  .text              ro code   0x800'30d6          2    0x16  r3_2_f4xx_pwm_curr_fdbk.o [3]
  .text              ro code   0x800'30ec          4    0x48  stm32f4xx_hal.o [4]
  .text              ro code   0x800'3134          4    0x66  ABImemset.o [8]
  .rodata            const     0x800'319a          2     0x6  usart_frame_communication_protocol.o [3]
  .text              ro code   0x800'31a0          4    0x7e  stm32f4xx_hal_spi.o [4]
  .rodata            const     0x800'321e          2     0x2  mc_tasks.o [5]
  .text              ro code   0x800'3220          4    0x32  ABImemset48.o [8]
  .text              ro code   0x800'3254          4   0x230  I64DivMod.o [8]
  .text              ro code   0x800'3484          4   0x1e8  mc_tasks.o [5]
  .text              ro code   0x800'366c          4   0x140  mc_tasks.o [5]
  .text              ro code   0x800'37ac          4    0x70  ui_task.o [5]
  .text              ro code   0x800'381c          4    0x60  stm32f4xx_hal_rcc.o [4]
  .text              ro code   0x800'387c          2    0x14  mc_interface.o [5]
  .text              ro code   0x800'3890          4    0x1c  mc_tasks.o [5]
  .text              ro code   0x800'38ac          2     0x8  mc_interface.o [5]
  .text              ro code   0x800'38b4          4     0x2  I64DivZer.o [8]
  .text              ro code   0x800'38b6          2     0xa  state_machine.o [3]
  .text              ro code   0x800'38c0          4    0xd8  r3_2_f4xx_pwm_curr_fdbk.o [3]
  .text              ro code   0x800'3998          4    0x5c  pwm_common.o [3]
  .text              ro code   0x800'39f4          2    0x28  pid_regulator.o [3]
  .text              ro code   0x800'3a1c          4    0xba  encoder_speed_pos_fdbk.o [3]
  .text              ro code   0x800'3ad6          2     0xe  enc_align_ctrl.o [3]
  .text              ro code   0x800'3ae4          2    0x24  speed_torq_ctrl.o [3]
  .text              ro code   0x800'3b08          2     0x4  virtual_speed_sensor.o [3]
  .text              ro code   0x800'3b0c          2    0x14  pid_regulator.o [3]
  .text              ro code   0x800'3b20          2    0x1a  r_divider_bus_voltage_sensor.o [3]
  .text              ro code   0x800'3b3a          2    0x26  ntc_temperature_sensor.o [3]
  .text              ro code   0x800'3b60          2    0x10  ramp_ext_mngr.o [3]
  .text              ro code   0x800'3b70          4    0x7c  mc_tasks.o [5]
  .text              ro code   0x800'3bec          2    0x16  speed_torq_ctrl.o [3]
  .text              ro code   0x800'3c02          2    0x14  mc_interface.o [5]
  .text              ro code   0x800'3c16          2     0x6  speed_torq_ctrl.o [3]
  .text              ro code   0x800'3c1c          2     0xe  mc_interface.o [5]
  .text              ro code   0x800'3c2a          2     0x4  usart_frame_communication_protocol.o [3]
  .text              ro code   0x800'3c30          4    0x44  motor_control_protocol.o [5]
  .text              ro code   0x800'3c74          2    0x18  user_interface.o [5]
  .text              ro code   0x800'3c8c          4    0xe0  state_machine.o [3]
  .text              ro code   0x800'3d6c          2     0x4  speed_torq_ctrl.o [3]
  .text              ro code   0x800'3d70          2     0x4  speed_pos_fdbk.o [3]
  .text              ro code   0x800'3d74          2    0x2e  virtual_speed_sensor.o [3]
  .text              ro code   0x800'3da4          4   0x16c  regular_conversion_manager.o [5]
  .text              ro code   0x800'3f10          2    0x5a  r_divider_bus_voltage_sensor.o [3]
  .text              ro code   0x800'3f6a          2     0x6  ntc_temperature_sensor.o [3]
  .text              ro code   0x800'3f70          2     0x4  pid_regulator.o [3]
  .text              ro code   0x800'3f74          2    0x10  speed_torq_ctrl.o [3]
  .text              ro code   0x800'3f84          2     0x4  pwm_curr_fdbk.o [3]
  .text              ro code   0x800'3f88          2    0x2a  frame_communication_protocol.o [3]
  .text              ro code   0x800'3fb2          2    0x16  frame_communication_protocol.o [3]
  .text              ro code   0x800'3fc8          2    0x1a  motor_control_protocol.o [5]
  .text              ro code   0x800'3fe2          2    0x32  state_machine.o [3]
  .text              ro code   0x800'4014          4   0x688  pow64.o [7]
  .text              ro code   0x800'469c          4    0x20  DblCmpEq.o [7]
  .text              ro code   0x800'46bc          4    0x70  frexp.o [7]
  .text              ro code   0x800'472c          4    0x34  DblCmpLe.o [7]
  .text              ro code   0x800'4760          4   0x1aa  DblMul.o [7]
  .text              ro code   0x800'490c          4   0x25e  DblAddSub.o [7]
  .text              ro code   0x800'4b6c          4    0x36  DblToS32.o [7]
  .text              ro code   0x800'4ba4          4    0x22  S32ToDbl.o [7]
  .text              ro code   0x800'4bc8          4   0x246  DblDiv.o [7]
  .text              ro code   0x800'4e10          4    0x34  DblCmpGe.o [7]
  .text              ro code   0x800'4e44          4   0x330  iar_Exp64.o [7]
  .text              ro code   0x800'5174          4   0x13a  ldexp.o [7]
  .text              ro code   0x800'52b0          4   0x53c  motor_control_protocol.o [5]
  .text              ro code   0x800'57ec          4   0x1e4  user_interface.o [5]
  .text              ro code   0x800'59d0          4    0x78  user_interface.o [5]
  .text              ro code   0x800'5a48          4   0x3d8  user_interface.o [5]
  .text              ro code   0x800'5e20          4    0x9a  user_interface.o [5]
  .text              ro code   0x800'5ebc          4    0x30  user_interface.o [5]
  .text              ro code   0x800'5eec          2    0x12  user_interface.o [5]
  .text              ro code   0x800'5f00          4     0xc  mc_api.o [5]
  .text              ro code   0x800'5f0c          4     0xc  mc_api.o [5]
  .text              ro code   0x800'5f18          4    0x44  user_interface.o [5]
  .text              ro code   0x800'5f5c          2    0x1a  user_interface.o [5]
  .text              ro code   0x800'5f76          2     0x4  user_interface.o [5]
  .text              ro code   0x800'5f7c          4     0x6  ABImemclr.o [8]
  .text              ro code   0x800'5f82          2    0x14  user_interface.o [5]
  .text              ro code   0x800'5f98          4   0x270  pid_regulator.o [3]
  .text              ro code   0x800'6208          2     0x8  mc_interface.o [5]
  .text              ro code   0x800'6210          2    0x12  mc_interface.o [5]
  .text              ro code   0x800'6222          2     0x6  mc_interface.o [5]
  .text              ro code   0x800'6228          2     0xc  mc_interface.o [5]
  .text              ro code   0x800'6234          2    0x1e  mc_interface.o [5]
  .text              ro code   0x800'6252          2     0x4  pid_regulator.o [3]
  .text              ro code   0x800'6256          2     0x4  pid_regulator.o [3]
  .text              ro code   0x800'625a          2     0x4  pid_regulator.o [3]
  .text              ro code   0x800'625e          2     0x8  mc_interface.o [5]
  .text              ro code   0x800'6266          2     0x4  user_interface.o [5]
  .text              ro code   0x800'626a          2     0xc  state_machine.o [3]
  .text              ro code   0x800'6276          2     0x4  state_machine.o [3]
  .text              ro code   0x800'627a          2     0xc  bus_voltage_sensor.o [3]
  .text              ro code   0x800'6286          2    0x26  ntc_temperature_sensor.o [3]
  .text              ro code   0x800'62ac          2    0x14  mc_interface.o [5]
  .text              ro code   0x800'62c0          2     0x4  mc_interface.o [5]
  .text              ro code   0x800'62c4          2    0x10  mc_interface.o [5]
  .text              ro code   0x800'62d4          2     0x4  pid_regulator.o [3]
  .text              ro code   0x800'62d8          2     0x4  pid_regulator.o [3]
  .text              ro code   0x800'62dc          2     0x6  pid_regulator.o [3]
  .text              ro code   0x800'62e2          2     0x6  pid_regulator.o [3]
  .text              ro code   0x800'62e8          2     0x6  pid_regulator.o [3]
  .text              ro code   0x800'62ee          2     0x6  motor_power_measurement.o [3]
  .text              ro code   0x800'62f4          2     0x6  speed_pos_fdbk.o [3]
  .text              ro code   0x800'62fa          2    0x14  speed_pos_fdbk.o [3]
  .text              ro code   0x800'630e          2     0x4  speed_torq_ctrl.o [3]
  .text              ro code   0x800'6312          2     0x6  speed_torq_ctrl.o [3]
  .text              ro code   0x800'6318          2     0xc  mc_interface.o [5]
  .text              ro code   0x800'6324          2     0x6  revup_ctrl.o [3]
  .text              ro code   0x800'632a          2     0xc  mc_interface.o [5]
  .text              ro code   0x800'6336          2     0xc  mc_interface.o [5]
  .text              ro code   0x800'6342          2     0xe  mc_interface.o [5]
  .text              ro code   0x800'6350          2     0xe  mc_interface.o [5]
  .text              ro code   0x800'635e          2     0x6  mc_interface.o [5]
  .text              ro code   0x800'6364          2     0x6  mc_interface.o [5]
  .text              ro code   0x800'636a          2     0x6  mc_interface.o [5]
  .text              ro code   0x800'6370          2     0x8  mc_interface.o [5]
  .text              ro code   0x800'6378          2    0x10  mc_interface.o [5]
  .text              ro code   0x800'6388          4    0x22  math_wrappers64.o [7]
  .text              ro code   0x800'63ac          4    0x48  FltToDbl.o [7]
  .text              ro code   0x800'63f4          4    0x68  DblToFlt.o [7]
  .text              ro code   0x800'645c          2     0xc  speed_torq_ctrl.o [3]
  .text              ro code   0x800'6468          2     0x6  speed_pos_fdbk.o [3]
  .text              ro code   0x800'646e          2     0x8  speed_torq_ctrl.o [3]
  .text              ro code   0x800'6476          2    0x16  state_machine.o [3]
  .text              ro code   0x800'648c          4    0x60  exp64.o [7]
  .text              ro code   0x800'64ec          4    0x64  system_stm32f4xx.o [1]
  .rodata            const     0x800'6550          8   0x420  pow64.o [7]
  .text              ro code   0x800'6970          4   0x30e  r3_2_f4xx_pwm_curr_fdbk.o [3]
  .text              ro code   0x800'6c80          4   0x28c  mc_tasks.o [5]
  .text              ro code   0x800'6f0c          4   0x13e  encoder_speed_pos_fdbk.o [3]
  .text              ro code   0x800'704c          4    0x78  pqd_motor_power_measurement.o [3]
  .text              ro code   0x800'70c4          2     0x4  enc_align_ctrl.o [3]
  .text              ro code   0x800'70c8          2     0x4  enc_align_ctrl.o [3]
  .text              ro code   0x800'70cc          2     0x4  enc_align_ctrl.o [3]
  .text              ro code   0x800'70d0          2    0x50  r3_2_f4xx_pwm_curr_fdbk.o [3]
  .text              ro code   0x800'7120          4     0xc  mc_tasks.o [5]
  .text              ro code   0x800'712c          4    0x14  mc_tasks.o [5]
  .text              ro code   0x800'7140          2    0x40  pwm_curr_fdbk.o [3]
  .text              ro code   0x800'7180          4    0x6a  encoder_speed_pos_fdbk.o [3]
  .text              ro code   0x800'71ea          2     0x4  speed_torq_ctrl.o [3]
  .text              ro code   0x800'71f0          4    0x50  enc_align_ctrl.o [3]
  .text              ro code   0x800'7240          2    0x9e  r3_2_f4xx_pwm_curr_fdbk.o [3]
  .text              ro code   0x800'72de          2    0x36  enc_align_ctrl.o [3]
  .text              ro code   0x800'7314          2    0x52  speed_torq_ctrl.o [3]
  .text              ro code   0x800'7366          2    0x50  r3_2_f4xx_pwm_curr_fdbk.o [3]
  .text              ro code   0x800'73b6          2     0x8  speed_torq_ctrl.o [3]
  .text              ro code   0x800'73be          2     0x2  mc_tasks.o [5]
  .text              ro code   0x800'73c0          4    0x2c  mc_tasks.o [5]
  .text              ro code   0x800'73ec          2    0x10  speed_torq_ctrl.o [3]
  .text              ro code   0x800'73fc          2    0x6a  mc_interface.o [5]
  .text              ro code   0x800'7468          4    0x10  mc_api.o [5]
  .text              ro code   0x800'7478          2     0x6  enc_align_ctrl.o [3]
  .text              ro code   0x800'747e          2    0x18  motor_power_measurement.o [3]
  .text              ro code   0x800'7498          4     0xc  mc_tasks.o [5]
  .text              ro code   0x800'74a4          4    0x14  mc_tasks.o [5]
  .text              ro code   0x800'74b8          2    0x58  speed_pos_fdbk.o [3]
  .text              ro code   0x800'7510          4    0x5e  motor_power_measurement.o [3]
  .text              ro code   0x800'7570          4    0x88  virtual_speed_sensor.o [3]
  .text              ro code   0x800'75f8          2     0xe  virtual_speed_sensor.o [3]
  .text              ro code   0x800'7608          4    0x94  speed_torq_ctrl.o [3]
  .text              ro code   0x800'769c          4    0x38  encoder_speed_pos_fdbk.o [3]
  .text              ro code   0x800'76d4          4    0x98  pid_regulator.o [3]
  .text              ro code   0x800'776c          2     0xc  speed_torq_ctrl.o [3]
  .rodata            const     0x800'7778          4   0x200  mc_math.o [5]
  .rodata            const     0x800'7978          4   0x188  pid_regulator.o [3]
  .text              ro code   0x800'7b00          2   0x186  pwm_curr_fdbk.o [3]
  .text              ro code   0x800'7c88          4   0x180  stm32f4xx_mc_it.o [5]
  .text              ro code   0x800'7e08          4    0xc0  mc_tasks.o [5]
  .text              ro code   0x800'7ec8          2    0xa8  r3_2_f4xx_pwm_curr_fdbk.o [3]
  .text              ro code   0x800'7f70          2    0x2c  r3_2_f4xx_pwm_curr_fdbk.o [3]
  .text              ro code   0x800'7f9c          4    0x50  mc_tasks.o [5]
  .text              ro code   0x800'7fec          2     0xe  encoder_speed_pos_fdbk.o [3]
  .text              ro code   0x800'7ffc          4    0xe4  usart_frame_communication_protocol.o [3]
  .text              ro code   0x800'80e0          4     0xc  ui_task.o [5]
  .text              ro code   0x800'80ec          4     0xc  ui_task.o [5]
  .text              ro code   0x800'80f8          2    0x64  usart_frame_communication_protocol.o [3]
  .text              ro code   0x800'815c          2    0x18  usart_frame_communication_protocol.o [3]
  .text              ro code   0x800'8174          4    0x20  mc_tasks.o [5]
  .text              ro code   0x800'8194          4    0x10  stm32f4xx_hal.o [4]
  .text              ro code   0x800'81a4          4    0x28  mc_tasks.o [5]
  .text              ro code   0x800'81cc          2    0x32  encoder_speed_pos_fdbk.o [3]
  .text              ro code   0x800'81fe          2     0x4  pwm_curr_fdbk.o [3]
  .text              ro code   0x800'8204          4    0x48  mc_math.o [5]
  .text              ro code   0x800'824c          4    0x68  mc_math.o [5]
  .text              ro code   0x800'82b4          4    0x78  pid_regulator.o [3]
  .text              ro code   0x800'832c          2    0x56  circle_limitation.o [3]
  .text              ro code   0x800'8382          2     0x6  speed_pos_fdbk.o [3]
  .text              ro code   0x800'8388          2    0x3e  mc_math.o [5]
  .text              ro code   0x800'83c6          2    0x5a  frame_communication_protocol.o [3]
  .text              ro code   0x800'8420          4    0x84  usart_frame_communication_protocol.o [3]
  .text              ro code   0x800'84a4          4    0x24  mc_tasks.o [5]
  .text              ro code   0x800'84c8          4    0x2c  ui_task.o [5]
  .text              ro code   0x800'84f4          4    0xac  mc_math.o [5]
  .text              ro code   0x800'85a0          4    0xb0  mc_tasks.o [5]
  .text              ro code   0x800'8650          2    0x38  ntc_temperature_sensor.o [3]
  .text              ro code   0x800'8688          2     0x4  pwm_curr_fdbk.o [3]
  .text              ro code   0x800'868c          4    0xa2  r_divider_bus_voltage_sensor.o [3]
  .text              ro code   0x800'872e          2    0x1a  ntc_temperature_sensor.o [3]
  .text              ro code   0x800'8748          2    0x1a  r_divider_bus_voltage_sensor.o [3]
  .text              ro code   0x800'8764          4   0x110  r3_2_f4xx_pwm_curr_fdbk.o [3]
  .text              ro code   0x800'8874          2    0x3e  pwm_common.o [3]
  .text              ro code   0x800'88b4          4    0xf8  r3_2_f4xx_pwm_curr_fdbk.o [3]
  .rodata            const     0x800'89ac          4    0x94  mc_parameters.o [5]
  .text              ro code   0x800'8a40          2    0x5a  r3_2_f4xx_pwm_curr_fdbk.o [3]
  .text              ro code   0x800'8a9a          2    0x38  zero_init3.o [8]
  .text              ro code   0x800'8ad4          4    0x30  stm32f4xx_it.o [5]
  .text              ro code   0x800'8b04          4    0x28  data_init.o [8]
  .text              ro code   0x800'8b2c          4    0x22  fpinit_M.o [7]
  .iar.init_table    const     0x800'8b50          4    0x20  - Linker created -
  .rodata            const     0x800'8b70          4    0x20  motorcontrol.o [5]
  .text              ro code   0x800'8b90          4    0x1e  cmain.o [8]
  .text              ro code   0x800'8bae          2     0x4  low_level_init.o [6]
  .text              ro code   0x800'8bb2          2     0x4  exit.o [6]
  .text              ro code   0x800'8bb8          4     0xa  cexit.o [8]
  .text              ro code   0x800'8bc4          4    0x14  exit.o [9]
  .text              ro code   0x800'8bd8          4    0x1c  cstartup_M.o [8]
  .text              ro code   0x800'8bf4          2    0x1a  r3_2_f4xx_pwm_curr_fdbk.o [3]
  .text              ro code   0x800'8c10          4    0x10  startup_stm32f407xx.o [2]
  .rodata            const     0x800'8c20          4     0x8  system_stm32f4xx.o [1]
  .text              ro code   0x800'8c28          2     0x8  usart_frame_communication_protocol.o [3]
  .text              ro code   0x800'8c30          2     0x4  motor_control_protocol.o [5]
  .text              ro code   0x800'8c34          2     0x4  motor_control_protocol.o [5]
  .text              ro code   0x800'8c38          2     0x4  startup_stm32f407xx.o [2]
  .text              ro code   0x800'8c3c          2     0x4  startup_stm32f407xx.o [2]
  .text              ro code   0x800'8c40          2     0x4  startup_stm32f407xx.o [2]
  .text              ro code   0x800'8c44          2     0x4  startup_stm32f407xx.o [2]
  .text              ro code   0x800'8c48          2     0x4  startup_stm32f407xx.o [2]
  .text              ro code   0x800'8c4c          2     0x4  startup_stm32f407xx.o [2]
  .text              ro code   0x800'8c50          2     0x4  startup_stm32f407xx.o [2]
  .text              ro code   0x800'8c54          2     0x4  startup_stm32f407xx.o [2]
  .text              ro code   0x800'8c58          2     0x4  startup_stm32f407xx.o [2]
  .text              ro code   0x800'8c5c          2     0x4  startup_stm32f407xx.o [2]
  .text              ro code   0x800'8c60          2     0x4  startup_stm32f407xx.o [2]
  .text              ro code   0x800'8c64          2     0x4  startup_stm32f407xx.o [2]
  .text              ro code   0x800'8c68          2     0x4  startup_stm32f407xx.o [2]
  .text              ro code   0x800'8c6c          2     0x4  startup_stm32f407xx.o [2]
  .text              ro code   0x800'8c70          2     0x4  startup_stm32f407xx.o [2]
  .text              ro code   0x800'8c74          2     0x4  startup_stm32f407xx.o [2]
  .text              ro code   0x800'8c78          2     0x4  startup_stm32f407xx.o [2]
  .text              ro code   0x800'8c7c          2     0x4  startup_stm32f407xx.o [2]
  .text              ro code   0x800'8c80          2     0x4  startup_stm32f407xx.o [2]
  .text              ro code   0x800'8c84          2     0x4  startup_stm32f407xx.o [2]
  .text              ro code   0x800'8c88          2     0x4  startup_stm32f407xx.o [2]
  .text              ro code   0x800'8c8c          2     0x4  startup_stm32f407xx.o [2]
  .text              ro code   0x800'8c90          2     0x4  startup_stm32f407xx.o [2]
  .text              ro code   0x800'8c94          2     0x4  startup_stm32f407xx.o [2]
  .text              ro code   0x800'8c98          2     0x4  startup_stm32f407xx.o [2]
  .text              ro code   0x800'8c9c          2     0x4  startup_stm32f407xx.o [2]
  .text              ro code   0x800'8ca0          2     0x4  startup_stm32f407xx.o [2]
  .text              ro code   0x800'8ca4          2     0x4  startup_stm32f407xx.o [2]
  .text              ro code   0x800'8ca8          2     0x4  startup_stm32f407xx.o [2]
  .text              ro code   0x800'8cac          2     0x4  startup_stm32f407xx.o [2]
  .text              ro code   0x800'8cb0          2     0x4  startup_stm32f407xx.o [2]
  .text              ro code   0x800'8cb4          2     0x4  startup_stm32f407xx.o [2]
  .text              ro code   0x800'8cb8          2     0x4  startup_stm32f407xx.o [2]
  .text              ro code   0x800'8cbc          2     0x4  startup_stm32f407xx.o [2]
  .text              ro code   0x800'8cc0          2     0x4  startup_stm32f407xx.o [2]
  .text              ro code   0x800'8cc4          2     0x4  startup_stm32f407xx.o [2]
  .text              ro code   0x800'8cc8          2     0x4  startup_stm32f407xx.o [2]
  .text              ro code   0x800'8ccc          2     0x4  startup_stm32f407xx.o [2]
  .text              ro code   0x800'8cd0          2     0x4  startup_stm32f407xx.o [2]
  .text              ro code   0x800'8cd4          2     0x4  startup_stm32f407xx.o [2]
  .text              ro code   0x800'8cd8          2     0x4  startup_stm32f407xx.o [2]
  .text              ro code   0x800'8cdc          2     0x4  startup_stm32f407xx.o [2]
  .text              ro code   0x800'8ce0          2     0x4  startup_stm32f407xx.o [2]
  .text              ro code   0x800'8ce4          2     0x4  startup_stm32f407xx.o [2]
  .text              ro code   0x800'8ce8          2     0x4  startup_stm32f407xx.o [2]
  .text              ro code   0x800'8cec          2     0x4  startup_stm32f407xx.o [2]
  .text              ro code   0x800'8cf0          2     0x4  startup_stm32f407xx.o [2]
  .text              ro code   0x800'8cf4          2     0x4  startup_stm32f407xx.o [2]
  .text              ro code   0x800'8cf8          2     0x4  startup_stm32f407xx.o [2]
  .text              ro code   0x800'8cfc          2     0x4  startup_stm32f407xx.o [2]
  .text              ro code   0x800'8d00          2     0x4  startup_stm32f407xx.o [2]
  .text              ro code   0x800'8d04          2     0x4  startup_stm32f407xx.o [2]
  .text              ro code   0x800'8d08          2     0x4  startup_stm32f407xx.o [2]
  .text              ro code   0x800'8d0c          2     0x4  startup_stm32f407xx.o [2]
  .text              ro code   0x800'8d10          2     0x4  startup_stm32f407xx.o [2]
  .text              ro code   0x800'8d14          2     0x4  startup_stm32f407xx.o [2]
  .text              ro code   0x800'8d18          2     0x4  startup_stm32f407xx.o [2]
  .text              ro code   0x800'8d1c          2     0x4  startup_stm32f407xx.o [2]
  .text              ro code   0x800'8d20          2     0x4  startup_stm32f407xx.o [2]
  .text              ro code   0x800'8d24          2     0x4  startup_stm32f407xx.o [2]
  .text              ro code   0x800'8d28          2     0x4  startup_stm32f407xx.o [2]
  .text              ro code   0x800'8d2c          2     0x4  startup_stm32f407xx.o [2]
  .text              ro code   0x800'8d30          2     0x4  startup_stm32f407xx.o [2]
  .text              ro code   0x800'8d34          2     0x4  startup_stm32f407xx.o [2]
  .text              ro code   0x800'8d38          2     0x4  startup_stm32f407xx.o [2]
  .text              ro code   0x800'8d3c          2     0x4  startup_stm32f407xx.o [2]
  .text              ro code   0x800'8d40          2     0x4  startup_stm32f407xx.o [2]
  .text              ro code   0x800'8d44          2     0x4  startup_stm32f407xx.o [2]
  .text              ro code   0x800'8d48          2     0x4  startup_stm32f407xx.o [2]
  .text              ro code   0x800'8d4c          2     0x4  startup_stm32f407xx.o [2]
  .text              ro code   0x800'8d50          2     0x4  startup_stm32f407xx.o [2]
  .text              ro code   0x800'8d54          2     0x4  startup_stm32f407xx.o [2]
  .text              ro code   0x800'8d58          2     0x4  startup_stm32f407xx.o [2]
  .text              ro code   0x800'8d5c          2     0x4  startup_stm32f407xx.o [2]
  .text              ro code   0x800'8d60          2     0x4  startup_stm32f407xx.o [2]
  .text              ro code   0x800'8d64          2     0x4  startup_stm32f407xx.o [2]
  .rodata            const     0x800'8d68                0x0  zero_init3.o [8]
  .rodata            const     0x800'8d68                0x0  lz77_init_single.o [8]
  Initializer bytes  const     0x800'8d68              0x217  <for P2-1>
                             - 0x800'8f7f             0x8df7

"P2", part 1 of 3:                                     0x7d2
  P2-1                        0x2000'0000              0x7d2  <Init block>
    .data            inited   0x2000'0000          4    0x20  luenberge.o [5]
    .data            inited   0x2000'0020          4     0xc  Matrx.o [5]
    .data            inited   0x2000'002c          4   0x114  mc_config.o [5]
    .data            inited   0x2000'0140          4    0x50  mc_config.o [5]
    .data            inited   0x2000'0190          4    0x50  mc_config.o [5]
    .data            inited   0x2000'01e0          4    0x50  mc_config.o [5]
    .data            inited   0x2000'0230          4    0x34  mc_config.o [5]
    .data            inited   0x2000'0264          4    0x7c  mc_config.o [5]
    .data            inited   0x2000'02e0          4    0x38  mc_config.o [5]
    .data            inited   0x2000'0318          4    0x7c  mc_config.o [5]
    .data            inited   0x2000'0394          4    0x1c  mc_config.o [5]
    .data            inited   0x2000'03b0          4    0x28  mc_config.o [5]
    .data            inited   0x2000'03d8          4    0x28  mc_config.o [5]
    .data            inited   0x2000'0400          4    0x18  mc_config.o [5]
    .data            inited   0x2000'0418          4    0xb4  mc_config.o [5]
    .data            inited   0x2000'04cc          4   0x13c  mc_config.o [5]
    .data            inited   0x2000'0608          4    0xb8  mc_position.o [5]
    .data            inited   0x2000'06c0          4    0xf0  mc_tasks.o [5]
    .data            inited   0x2000'07b0          4     0xc  motorcontrol.o [5]
    .data            inited   0x2000'07bc          4     0xc  stm32f4xx_hal.o [4]
    .data            inited   0x2000'07c8          4     0x4  system_stm32f4xx.o [1]
    .data            inited   0x2000'07cc          2     0x6  ui_task.o [5]
                            - 0x2000'07d2              0x7d2

"P2", part 2 of 3:                                     0x3e4
  .bss               zero     0x2000'07d4          4   0x150  main.o [5]
  .bss               zero     0x2000'0924          4    0xb4  ui_task.o [5]
  .bss               zero     0x2000'09d8          4    0x8c  bsp_CAN.o [5]
  .bss               zero     0x2000'0a64          4    0x58  ADspi.o [5]
  .bss               zero     0x2000'0abc          4    0x40  ADtim.o [5]
  .bss               zero     0x2000'0afc          4    0x40  Handwheel_encoder.o [5]
  .bss               zero     0x2000'0b3c          4    0x34  regular_conversion_manager.o [5]
  .bss               zero     0x2000'0b70          4    0x18  mc_config.o [5]
  .bss               zero     0x2000'0b88          4    0x14  mc_config.o [5]
  .bss               zero     0x2000'0b9c          4    0x10  main.o [5]
  .bss               zero     0x2000'0bac          4     0x8  motor_control_protocol.o [5]
  .bss               zero     0x2000'0bb4                0x1  stm32f4xx_mc_it.o [5]
                            - 0x2000'0bb5              0x3e1

"P2", part 3 of 3:                                     0x400
  CSTACK                      0x2000'0bb8          8   0x400  <Block>
    CSTACK           uninit   0x2000'0bb8              0x400  <Block tail>
                            - 0x2000'0fb8              0x400

Unused ranges:

         From           To      Size
         ----           --      ----
   0x800'8f7f   0x80f'ffff  0xf'7081
  0x2000'07d2  0x2000'07d3       0x2
  0x2000'0fb8  0x2001'ffff  0x1'f048


*******************************************************************************
*** INIT TABLE
***

          Address      Size
          -------      ----
Zero (__iar_zero_init3)
    1 destination range, total size 0x3e1:
          0x2000'07d4  0x3e1

Copy/lz77 (__iar_lz77_init_single3)
    1 source range, total size 0x217 (26% of destination):
           0x800'8d68  0x217
    1 destination range, total size 0x7d2:
          0x2000'0000  0x7d2



*******************************************************************************
*** MODULE SUMMARY
***

    Module                                ro code  ro data  rw data
    ------                                -------  -------  -------
command line/config:
    ---------------------------------------------------------------
    Total:

D:\STM\STM2 PI\P_FPI\YSF4_HAL_MOTOR-658. FOC_v5.4.3_42PMSM_encoder\YS-F4_FOC-021. FOC_v5.4.3_42PMSM_encoder\EWARM\YS-F4_FOC-021. FOC_v5.4.3_42PMSM_encoder\Obj\CMSIS_6603591812247902717.dir: [1]
    system_stm32f4xx.o                        100        9        4
    ---------------------------------------------------------------
    Total:                                    100        9        4

D:\STM\STM2 PI\P_FPI\YSF4_HAL_MOTOR-658. FOC_v5.4.3_42PMSM_encoder\YS-F4_FOC-021. FOC_v5.4.3_42PMSM_encoder\EWARM\YS-F4_FOC-021. FOC_v5.4.3_42PMSM_encoder\Obj\EWARM_18443280873093131863.dir: [2]
    startup_stm32f407xx.o                     712
    ---------------------------------------------------------------
    Total:                                    712

D:\STM\STM2 PI\P_FPI\YSF4_HAL_MOTOR-658. FOC_v5.4.3_42PMSM_encoder\YS-F4_FOC-021. FOC_v5.4.3_42PMSM_encoder\EWARM\YS-F4_FOC-021. FOC_v5.4.3_42PMSM_encoder\Obj\MotorControl_8024592486813348213.dir: [3]
    bus_voltage_sensor.o                       12
    circle_limitation.o                        86
    enc_align_ctrl.o                          166
    encoder_speed_pos_fdbk.o                  730
    frame_communication_protocol.o            154
    motor_power_measurement.o                 124
    ntc_temperature_sensor.o                  164
    pid_regulator.o                           998      392
    pqd_motor_power_measurement.o             120
    pwm_common.o                              154
    pwm_curr_fdbk.o                           466
    r3_2_f4xx_pwm_curr_fdbk.o               2'330
    r_divider_bus_voltage_sensor.o            304
    ramp_ext_mngr.o                            16
    revup_ctrl.o                                6
    speed_pos_fdbk.o                          130
    speed_torq_ctrl.o                         384
    state_machine.o                           322
    usart_frame_communication_protocol.o      534        6
    virtual_speed_sensor.o                    200
    ---------------------------------------------------------------
    Total:                                  7'400      398

D:\STM\STM2 PI\P_FPI\YSF4_HAL_MOTOR-658. FOC_v5.4.3_42PMSM_encoder\YS-F4_FOC-021. FOC_v5.4.3_42PMSM_encoder\EWARM\YS-F4_FOC-021. FOC_v5.4.3_42PMSM_encoder\Obj\STM32F4xx_HAL_Driver_1244631019742807970.dir: [4]
    stm32f4xx_hal.o                           156        3       12
    stm32f4xx_hal_adc.o                       748
    stm32f4xx_hal_adc_ex.o                    404
    stm32f4xx_hal_can.o                     1'732
    stm32f4xx_hal_cortex.o                    242
    stm32f4xx_hal_gpio.o                      520
    stm32f4xx_hal_rcc.o                     1'312
    stm32f4xx_hal_spi.o                       126
    stm32f4xx_hal_tim.o                     1'532
    stm32f4xx_hal_tim_ex.o                    250
    stm32f4xx_hal_uart.o                      416
    ---------------------------------------------------------------
    Total:                                  7'438        3       12

D:\STM\STM2 PI\P_FPI\YSF4_HAL_MOTOR-658. FOC_v5.4.3_42PMSM_encoder\YS-F4_FOC-021. FOC_v5.4.3_42PMSM_encoder\EWARM\YS-F4_FOC-021. FOC_v5.4.3_42PMSM_encoder\Obj\User_8454777428142420917.dir: [5]
    AD7606.o                                   64
    ADgpio.o                                  544
    ADspi.o                                   244                88
    ADtim.o                                   164                64
    Handwheel_encoder.o                       124                64
    Matrx.o                                              3       12
    bsp_CAN.o                                 288               140
    bsp_key.o                                 332
    luenberge.o                                          8       32
    main.o                                  1'516               352
    mc_api.o                                   64
    mc_config.o                                        401    1'544
    mc_interface.o                            396
    mc_math.o                                 410      512
    mc_parameters.o                                    148
    mc_position.o                             384       49      184
    mc_tasks.o                              2'278       66      240
    motor_control_protocol.o                1'442                 8
    motorcontrol.o                             68       36       12
    regular_conversion_manager.o              364                52
    stm32f4xx_hal_msp.o                       916
    stm32f4xx_it.o                             48
    stm32f4xx_mc_it.o                         384                 1
    ui_task.o                                 180        2      186
    user_interface.o                        1'954
    ---------------------------------------------------------------
    Total:                                 12'164    1'225    2'979

dl7M_tlf.a: [6]
    exit.o                                      4
    low_level_init.o                            4
    ---------------------------------------------------------------
    Total:                                      8

m7M_tls.a: [7]
    DblAddSub.o                               606
    DblCmpEq.o                                 32
    DblCmpGe.o                                 52
    DblCmpLe.o                                 52
    DblDiv.o                                  582
    DblMul.o                                  426
    DblToFlt.o                                104
    DblToS32.o                                 54
    FltToDbl.o                                 72
    S32ToDbl.o                                 34
    exp64.o                                    96
    fpinit_M.o                                 34
    frexp.o                                   112
    iar_Exp64.o                               816
    ldexp.o                                   314
    math_wrappers64.o                          34
    pow64.o                                 1'672    1'056
    ---------------------------------------------------------------
    Total:                                  5'092    1'056

rt7M_tl.a: [8]
    ABImemclr.o                                 6
    ABImemclr4.o                                6
    ABImemset.o                               102
    ABImemset48.o                              50
    I64DivMod.o                               560
    I64DivZer.o                                 2
    cexit.o                                    10
    cmain.o                                    30
    cstartup_M.o                               28
    data_init.o                                40
    lz77_init_single.o                        126
    zero_init3.o                               56
    ---------------------------------------------------------------
    Total:                                  1'016

shb_l.a: [9]
    exit.o                                     20
    ---------------------------------------------------------------
    Total:                                     20

    Gaps                                       60        2
    Linker created                                      32    1'024
-------------------------------------------------------------------
    Grand Total:                           34'010    2'725    4'019


*******************************************************************************
*** ENTRY LIST
***

Entry                       Address   Size  Type      Object
-----                       -------   ----  ----      ------
.iar.init_table$$Base    0x800'8b50          --   Gb  - Linker created -
.iar.init_table$$Limit   0x800'8b70          --   Gb  - Linker created -
?main                    0x800'8b91         Code  Gb  cmain.o [8]
AD7606Reset              0x800'2a3d   0x2e  Code  Gb  AD7606.o [5]
AD7606_start             0x800'2a6b    0x8  Code  Gb  AD7606.o [5]
ADC_IRQHandler           0x800'7c89   0x22  Code  Gb  stm32f4xx_mc_it.o [5]
AHBPrescTable            0x800'6540   0x10  Data  Gb  system_stm32f4xx.o [1]
APBPrescTable            0x800'8c20    0x8  Data  Gb  system_stm32f4xx.o [1]
Abs_Value                0x800'2f49    0x8  Code  Gb  mc_position.o [5]
BusFault_Handler         0x800'8c41         Code  Wk  startup_stm32f407xx.o [2]
CAN1_RX0_IRQHandler      0x800'8af9    0x6  Code  Gb  stm32f4xx_it.o [5]
CAN1_RX1_IRQHandler      0x800'8c8d         Code  Wk  startup_stm32f407xx.o [2]
CAN1_SCE_IRQHandler      0x800'8c91         Code  Wk  startup_stm32f407xx.o [2]
CAN1_TX_IRQHandler       0x800'8c89         Code  Wk  startup_stm32f407xx.o [2]
CAN2_RX0_IRQHandler      0x800'8d25         Code  Wk  startup_stm32f407xx.o [2]
CAN2_RX1_IRQHandler      0x800'8d29         Code  Wk  startup_stm32f407xx.o [2]
CAN2_SCE_IRQHandler      0x800'8d2d         Code  Wk  startup_stm32f407xx.o [2]
CAN2_TX_IRQHandler       0x800'8d21         Code  Wk  startup_stm32f407xx.o [2]
CSTACK$$Base            0x2000'0bb8          --   Gb  - Linker created -
CSTACK$$Limit           0x2000'0fb8          --   Gb  - Linker created -
CalcMembership           0x800'3097    0x2  Code  Gb  mc_position.o [5]
CircleLimitationM1      0x2000'0418   0xb4  Data  Gb  mc_config.o [5]
Circle_Limitation        0x800'832d   0x56  Code  Wk  circle_limitation.o [3]
ControlMode             0x2000'073d    0x1  Data  Gb  mc_tasks.o [5]
Currentspeed            0x2000'0746    0x2  Data  Gb  mc_tasks.o [5]
DB_data                 0x2000'0b9c   0x10  Data  Gb  main.o [5]
DCMI_IRQHandler          0x800'8d5d         Code  Wk  startup_stm32f407xx.o [2]
DMA1_Stream0_IRQHandler
                         0x800'8c6d         Code  Wk  startup_stm32f407xx.o [2]
DMA1_Stream1_IRQHandler
                         0x800'8c71         Code  Wk  startup_stm32f407xx.o [2]
DMA1_Stream2_IRQHandler
                         0x800'8c75         Code  Wk  startup_stm32f407xx.o [2]
DMA1_Stream3_IRQHandler
                         0x800'8c79         Code  Wk  startup_stm32f407xx.o [2]
DMA1_Stream4_IRQHandler
                         0x800'8c7d         Code  Wk  startup_stm32f407xx.o [2]
DMA1_Stream5_IRQHandler
                         0x800'8c81         Code  Wk  startup_stm32f407xx.o [2]
DMA1_Stream6_IRQHandler
                         0x800'8c85         Code  Wk  startup_stm32f407xx.o [2]
DMA1_Stream7_IRQHandler
                         0x800'8ce1         Code  Wk  startup_stm32f407xx.o [2]
DMA2_Stream0_IRQHandler
                         0x800'8d05         Code  Wk  startup_stm32f407xx.o [2]
DMA2_Stream1_IRQHandler
                         0x800'8d09         Code  Wk  startup_stm32f407xx.o [2]
DMA2_Stream2_IRQHandler
                         0x800'8d0d         Code  Wk  startup_stm32f407xx.o [2]
DMA2_Stream3_IRQHandler
                         0x800'8d11         Code  Wk  startup_stm32f407xx.o [2]
DMA2_Stream4_IRQHandler
                         0x800'8d15         Code  Wk  startup_stm32f407xx.o [2]
DMA2_Stream5_IRQHandler
                         0x800'8d35         Code  Wk  startup_stm32f407xx.o [2]
DMA2_Stream6_IRQHandler
                         0x800'8d39         Code  Wk  startup_stm32f407xx.o [2]
DMA2_Stream7_IRQHandler
                         0x800'8d3d         Code  Wk  startup_stm32f407xx.o [2]
DebugMon_Handler         0x800'8c4d         Code  Wk  startup_stm32f407xx.o [2]
EAC_Exec                 0x800'72df   0x36  Code  Wk  enc_align_ctrl.o [3]
EAC_GetRestartState      0x800'70c5    0x4  Code  Wk  enc_align_ctrl.o [3]
EAC_Init                 0x800'3ad7    0xe  Code  Wk  enc_align_ctrl.o [3]
EAC_IsAligned            0x800'70cd    0x4  Code  Wk  enc_align_ctrl.o [3]
EAC_SetRestartState      0x800'70c9    0x4  Code  Wk  enc_align_ctrl.o [3]
EAC_StartAlignment       0x800'71f1   0x50  Code  Wk  enc_align_ctrl.o [3]
ENCODER_M1              0x2000'0318   0x7c  Data  Gb  mc_config.o [5]
ENC_CalcAngle            0x800'81cd   0x32  Code  Wk  encoder_speed_pos_fdbk.o [3]
ENC_CalcAvrgMecSpeedUnit
                         0x800'6f0d  0x13e  Code  Wk  encoder_speed_pos_fdbk.o [3]
ENC_Clear                0x800'7181   0x6a  Code  Wk  encoder_speed_pos_fdbk.o [3]
ENC_IRQHandler           0x800'7fed    0xe  Code  Wk  encoder_speed_pos_fdbk.o [3]
ENC_Init                 0x800'3a1d   0xba  Code  Wk  encoder_speed_pos_fdbk.o [3]
ENC_SetMecAngle          0x800'769d   0x38  Code  Wk  encoder_speed_pos_fdbk.o [3]
ETH_IRQHandler           0x800'8d19         Code  Wk  startup_stm32f407xx.o [2]
ETH_WKUP_IRQHandler      0x800'8d1d         Code  Wk  startup_stm32f407xx.o [2]
EXTI0_IRQHandler         0x800'8adb    0x6  Code  Gb  stm32f4xx_it.o [5]
EXTI15_10_IRQHandler     0x800'8ccd         Code  Wk  startup_stm32f407xx.o [2]
EXTI1_IRQHandler         0x800'8ae1    0x6  Code  Gb  stm32f4xx_it.o [5]
EXTI2_IRQHandler         0x800'8ae7    0x6  Code  Gb  stm32f4xx_it.o [5]
EXTI3_IRQHandler         0x800'8aed    0x6  Code  Gb  stm32f4xx_it.o [5]
EXTI4_IRQHandler         0x800'8af3    0x6  Code  Gb  stm32f4xx_it.o [5]
EXTI9_5_IRQHandler       0x800'8ad5    0x6  Code  Gb  stm32f4xx_it.o [5]
EncAlignCtrlM1          0x2000'0394   0x1c  Data  Gb  mc_config.o [5]
Error_Handler            0x800'0f2b    0x2  Code  Gb  main.o [5]
FCP_CalcCRC              0x800'83c7   0x5a  Code  Wk  frame_communication_protocol.o [3]
FCP_Init                 0x800'3f89   0x2a  Code  Wk  frame_communication_protocol.o [3]
FCP_SetClient            0x800'3fb3   0x16  Code  Wk  frame_communication_protocol.o [3]
FFPosition              0x2000'0760    0x4  Data  Gb  mc_tasks.o [5]
FF_M1                   0x2000'065c   0x14  Data  Gb  mc_position.o [5]
FLASH_IRQHandler         0x800'8c65         Code  Wk  startup_stm32f407xx.o [2]
FOCVars                 0x2000'06c0   0x28  Data  Gb  mc_tasks.o [5]
FOC_CalcCurrRef          0x800'73c1   0x2c  Code  Wk  mc_tasks.o [5]
FOC_Clear                0x800'3b71   0x7c  Code  Wk  mc_tasks.o [5]
FOC_InitAdditionalMethods
                         0x800'73bf    0x2  Code  Wk  mc_tasks.o [5]
FPU_IRQHandler           0x800'8d65         Code  Wk  startup_stm32f407xx.o [2]
FSMC_IRQHandler          0x800'8ce5         Code  Wk  startup_stm32f407xx.o [2]
FUZZYPIDSpeedHandle_M1  0x2000'0140   0x50  Data  Gb  mc_config.o [5]
FUZZYPID_HandleInit      0x800'39f5   0x28  Code  Wk  pid_regulator.o [3]
FUZZYPI_Controller       0x800'76d5   0x98  Code  Wk  pid_regulator.o [3]
HAL_ADCEx_InjectedConfigChannel
                         0x800'1871  0x188  Code  Gb  stm32f4xx_hal_adc_ex.o [4]
HAL_ADC_ConfigChannel    0x800'16f7  0x166  Code  Gb  stm32f4xx_hal_adc.o [4]
HAL_ADC_Init             0x800'1585  0x172  Code  Gb  stm32f4xx_hal_adc.o [4]
HAL_ADC_MspInit          0x800'2293  0x106  Code  Gb  stm32f4xx_hal_msp.o [5]
HAL_CAN_ConfigFilter     0x800'02c3   0xd6  Code  Gb  stm32f4xx_hal_can.o [4]
HAL_CAN_ErrorCallback    0x800'0fe1    0x2  Code  Wk  stm32f4xx_hal_can.o [4]
HAL_CAN_IRQHandler       0x800'046b  0x3c2  Code  Gb  stm32f4xx_hal_can.o [4]
HAL_CAN_Init             0x800'0189  0x13a  Code  Gb  stm32f4xx_hal_can.o [4]
HAL_CAN_MspInit          0x800'08bf   0x94  Code  Gb  bsp_CAN.o [5]
HAL_CAN_Receive_IT       0x800'0399   0xd2  Code  Gb  stm32f4xx_hal_can.o [4]
HAL_CAN_RxCpltCallback   0x800'0e53   0x1e  Code  Gb  main.o [5]
HAL_CAN_TxCpltCallback   0x800'0975    0x2  Code  Wk  stm32f4xx_hal_can.o [4]
HAL_GPIO_EXTI_Callback   0x800'0f2d   0x74  Code  Gb  main.o [5]
HAL_GPIO_EXTI_IRQHandler
                         0x800'11fb   0x12  Code  Gb  stm32f4xx_hal_gpio.o [4]
HAL_GPIO_Init            0x800'1035  0x1b0  Code  Gb  stm32f4xx_hal_gpio.o [4]
HAL_GPIO_ReadPin         0x800'11e5    0xe  Code  Gb  stm32f4xx_hal_gpio.o [4]
HAL_GPIO_WritePin        0x800'11f3    0x8  Code  Gb  stm32f4xx_hal_gpio.o [4]
HAL_GetTick              0x800'0969    0xc  Code  Wk  stm32f4xx_hal.o [4]
HAL_IncTick              0x800'8195   0x10  Code  Wk  stm32f4xx_hal.o [4]
HAL_Init                 0x800'132d   0x34  Code  Gb  stm32f4xx_hal.o [4]
HAL_InitTick             0x800'30ed   0x48  Code  Wk  stm32f4xx_hal.o [4]
HAL_MspInit              0x800'2259   0x3a  Code  Gb  stm32f4xx_hal_msp.o [5]
HAL_NVIC_EnableIRQ       0x800'12a3   0x16  Code  Gb  stm32f4xx_hal_cortex.o [4]
HAL_NVIC_SetPriority     0x800'1251   0x52  Code  Gb  stm32f4xx_hal_cortex.o [4]
HAL_NVIC_SetPriorityGrouping
                         0x800'123d   0x14  Code  Gb  stm32f4xx_hal_cortex.o [4]
HAL_NVIC_SystemReset     0x800'12b9   0x1a  Code  Gb  stm32f4xx_hal_cortex.o [4]
HAL_RCC_ClockConfig      0x800'2dcd  0x11c  Code  Gb  stm32f4xx_hal_rcc.o [4]
HAL_RCC_EnableCSS        0x800'2ee9    0x8  Code  Gb  stm32f4xx_hal_rcc.o [4]
HAL_RCC_GetHCLKFreq      0x800'2ef1    0x6  Code  Gb  stm32f4xx_hal_rcc.o [4]
HAL_RCC_GetPCLK1Freq     0x800'2ef7   0x14  Code  Gb  stm32f4xx_hal_rcc.o [4]
HAL_RCC_GetPCLK2Freq     0x800'2f0b   0x14  Code  Gb  stm32f4xx_hal_rcc.o [4]
HAL_RCC_GetSysClockFreq
                         0x800'381d   0x60  Code  Wk  stm32f4xx_hal_rcc.o [4]
HAL_RCC_OscConfig        0x800'2a7d  0x350  Code  Wk  stm32f4xx_hal_rcc.o [4]
HAL_SPI_Init             0x800'31a1   0x7e  Code  Gb  stm32f4xx_hal_spi.o [4]
HAL_SPI_MspInit          0x800'1a4d   0x98  Code  Gb  ADspi.o [5]
HAL_SYSTICK_CLKSourceConfig
                         0x800'12f5   0x1a  Code  Gb  stm32f4xx_hal_cortex.o [4]
HAL_SYSTICK_Callback     0x800'30d5    0x2  Code  Wk  stm32f4xx_hal_cortex.o [4]
HAL_SYSTICK_Config       0x800'12d3   0x22  Code  Gb  stm32f4xx_hal_cortex.o [4]
HAL_SYSTICK_IRQHandler   0x800'1329    0x4  Code  Gb  stm32f4xx_hal_cortex.o [4]
HAL_TIMEx_ConfigBreakDeadTime
                         0x800'21d1   0x62  Code  Gb  stm32f4xx_hal_tim_ex.o [4]
HAL_TIMEx_MasterConfigSynchronization
                         0x800'2139   0x78  Code  Gb  stm32f4xx_hal_tim_ex.o [4]
HAL_TIM_Base_Init        0x800'1b3d   0x34  Code  Gb  stm32f4xx_hal_tim.o [4]
HAL_TIM_Base_MspInit     0x800'2477   0x26  Code  Gb  stm32f4xx_hal_msp.o [5]
HAL_TIM_Encoder_Init     0x800'1bf5   0x96  Code  Gb  stm32f4xx_hal_tim.o [4]
HAL_TIM_Encoder_MspInit
                         0x800'2399   0xde  Code  Gb  stm32f4xx_hal_msp.o [5]
HAL_TIM_Encoder_Start    0x800'1c8d   0x4e  Code  Gb  stm32f4xx_hal_tim.o [4]
HAL_TIM_MspPostInit      0x800'249d   0xb2  Code  Gb  stm32f4xx_hal_msp.o [5]
HAL_TIM_PWM_ConfigChannel
                         0x800'1cdd   0xea  Code  Gb  stm32f4xx_hal_tim.o [4]
HAL_TIM_PWM_Init         0x800'1b71   0x34  Code  Gb  stm32f4xx_hal_tim.o [4]
HAL_TIM_PWM_MspInit      0x800'265d   0x26  Code  Gb  ADtim.o [5]
HAL_TIM_PWM_Start        0x800'1ba5   0x46  Code  Gb  stm32f4xx_hal_tim.o [4]
HAL_TIM_SlaveConfigSynchro
                         0x800'1dd5   0x56  Code  Gb  stm32f4xx_hal_tim.o [4]
HAL_UART_Init            0x800'270d   0x64  Code  Gb  stm32f4xx_hal_uart.o [4]
HAL_UART_MspInit         0x800'254f   0x64  Code  Gb  stm32f4xx_hal_msp.o [5]
HASH_RNG_IRQHandler      0x800'8d61         Code  Wk  startup_stm32f407xx.o [2]
HardFault_Handler        0x800'7d69   0x68  Code  Gb  stm32f4xx_mc_it.o [5]
I2C1_ER_IRQHandler       0x800'8cb1         Code  Wk  startup_stm32f407xx.o [2]
I2C1_EV_IRQHandler       0x800'8cad         Code  Wk  startup_stm32f407xx.o [2]
I2C2_ER_IRQHandler       0x800'8cb9         Code  Wk  startup_stm32f407xx.o [2]
I2C2_EV_IRQHandler       0x800'8cb5         Code  Wk  startup_stm32f407xx.o [2]
I2C3_ER_IRQHandler       0x800'8d49         Code  Wk  startup_stm32f407xx.o [2]
I2C3_EV_IRQHandler       0x800'8d45         Code  Wk  startup_stm32f407xx.o [2]
KEY_GPIO_Init            0x800'28f1  0x13a  Code  Gb  bsp_key.o [5]
MCI_Clear_Iqdref         0x800'6379   0x10  Code  Wk  mc_interface.o [5]
MCI_EncoderAlign         0x800'6371    0x8  Code  Wk  mc_interface.o [5]
MCI_ExecBufferedCommands
                         0x800'73fd   0x6a  Code  Wk  mc_interface.o [5]
MCI_ExecSpeedRamp        0x800'3c1d    0xe  Code  Wk  mc_interface.o [5]
MCI_ExecTorqueRamp       0x800'6211   0x12  Code  Wk  mc_interface.o [5]
MCI_FaultAcknowledged    0x800'636b    0x6  Code  Wk  mc_interface.o [5]
MCI_GetAvrgMecSpeedUnit
                         0x800'62ad   0x14  Code  Wk  mc_interface.o [5]
MCI_GetControlMode       0x800'62c1    0x4  Code  Wk  mc_interface.o [5]
MCI_GetIab               0x800'632b    0xc  Code  Wk  mc_interface.o [5]
MCI_GetIalphabeta        0x800'6337    0xc  Code  Wk  mc_interface.o [5]
MCI_GetIqd               0x800'6319    0xc  Code  Wk  mc_interface.o [5]
MCI_GetIqdref            0x800'6229    0xc  Code  Wk  mc_interface.o [5]
MCI_GetLastRampFinalSpeed
                         0x800'62c5   0x10  Code  Wk  mc_interface.o [5]
MCI_GetMecSpeedRefUnit   0x800'6223    0x6  Code  Wk  mc_interface.o [5]
MCI_GetSTMState          0x800'635f    0x6  Code  Wk  mc_interface.o [5]
MCI_GetTeref             0x800'6209    0x8  Code  Wk  mc_interface.o [5]
MCI_GetValphabeta        0x800'6351    0xe  Code  Wk  mc_interface.o [5]
MCI_GetVqd               0x800'6343    0xe  Code  Wk  mc_interface.o [5]
MCI_Init                 0x800'3c03   0x14  Code  Wk  mc_interface.o [5]
MCI_SetCurrentReferences
                         0x800'6235   0x1e  Code  Wk  mc_interface.o [5]
MCI_SetIdref             0x800'625f    0x8  Code  Wk  mc_interface.o [5]
MCI_StartMotor           0x800'387d   0x14  Code  Wk  mc_interface.o [5]
MCI_StopMotor            0x800'38ad    0x8  Code  Wk  mc_interface.o [5]
MCI_StopRamp             0x800'6365    0x6  Code  Wk  mc_interface.o [5]
MCM_Clarke               0x800'8205   0x48  Code  Wk  mc_math.o [5]
MCM_Park                 0x800'824d   0x68  Code  Wk  mc_math.o [5]
MCM_Rev_Park             0x800'8389   0x3e  Code  Wk  mc_math.o [5]
MCM_Trig_Functions       0x800'84f5   0xac  Code  Wk  mc_math.o [5]
MCP_Init                 0x800'3c31   0x44  Code  Wk  motor_control_protocol.o [5]
MCP_OnTimeOut            0x800'8c31    0x4  Code  Wk  motor_control_protocol.o [5]
MCP_ReceivedFrame        0x800'52b1  0x53c  Code  Wk  motor_control_protocol.o [5]
MCP_SentFrame            0x800'8c35    0x4  Code  Wk  motor_control_protocol.o [5]
MCP_UI_Params           0x2000'0924   0xb0  Data  Gb  ui_task.o [5]
MCP_WaitNextFrame        0x800'3fc9   0x1a  Code  Wk  motor_control_protocol.o [5]
MCT                     0x2000'06e8   0x54  Data  Gb  mc_tasks.o [5]
MC_GetLastRampFinalSpeedMotor1
                         0x800'5f01    0xc  Code  Wk  mc_api.o [5]
MC_GetMecSpeedAverageMotor1
                         0x800'5f0d    0xc  Code  Wk  mc_api.o [5]
MC_ProgramSpeedRampMotor1
                         0x800'7469   0x10  Code  Wk  mc_api.o [5]
MC_RunMotorControlTasks
                         0x800'81a5   0x28  Code  Wk  mc_tasks.o [5]
MC_Scheduler             0x800'7f9d   0x50  Code  Wk  mc_tasks.o [5]
MC_StartMotor1           0x800'2f3d    0xc  Code  Wk  mc_api.o [5]
MC_StopMotor1            0x800'30c9    0xc  Code  Wk  mc_api.o [5]
MCboot                   0x800'3485  0x1e8  Code  Wk  mc_tasks.o [5]
MPInfo                  0x2000'0bac    0x8  Data  Gb  motor_control_protocol.o [5]
MPM_CalcElMotorPower     0x800'7511   0x5e  Code  Wk  motor_power_measurement.o [3]
MPM_Clear                0x800'747f   0x18  Code  Wk  motor_power_measurement.o [3]
MPM_GetAvrgElMotorPowerW
                         0x800'62ef    0x6  Code  Wk  motor_power_measurement.o [3]
MX_ADGPIO_Init           0x800'1365  0x220  Code  Gb  ADgpio.o [5]
MX_CAN_Init              0x800'0849   0x76  Code  Gb  bsp_CAN.o [5]
MX_MotorControl_Init     0x800'28ad   0x44  Code  Wk  motorcontrol.o [5]
MX_SPI1_Init             0x800'1a05   0x48  Code  Gb  ADspi.o [5]
MX_TIM1_Init             0x800'2691   0x7c  Code  Gb  Handwheel_encoder.o [5]
MX_TIM3_Init             0x800'25ed   0x70  Code  Gb  ADtim.o [5]
Mci                     0x2000'078c   0x1c  Data  Gb  mc_tasks.o [5]
MemManage_Handler        0x800'8c3d         Code  Wk  startup_stm32f407xx.o [2]
NMI_Handler              0x800'8c39         Code  Wk  startup_stm32f407xx.o [2]
NTC_CalcAvTemp           0x800'8651   0x38  Code  Wk  ntc_temperature_sensor.o [3]
NTC_Clear                0x800'3f6b    0x6  Code  Wk  ntc_temperature_sensor.o [3]
NTC_GetAvTemp_C          0x800'6287   0x26  Code  Wk  ntc_temperature_sensor.o [3]
NTC_Init                 0x800'3b3b   0x26  Code  Wk  ntc_temperature_sensor.o [3]
NTC_SetFaultState        0x800'872f   0x1a  Code  Wk  ntc_temperature_sensor.o [3]
OTG_FS_IRQHandler        0x800'8d31         Code  Wk  startup_stm32f407xx.o [2]
OTG_FS_WKUP_IRQHandler   0x800'8cd5         Code  Wk  startup_stm32f407xx.o [2]
OTG_HS_EP1_IN_IRQHandler
                         0x800'8d51         Code  Wk  startup_stm32f407xx.o [2]
OTG_HS_EP1_OUT_IRQHandler
                         0x800'8d4d         Code  Wk  startup_stm32f407xx.o [2]
OTG_HS_IRQHandler        0x800'8d59         Code  Wk  startup_stm32f407xx.o [2]
OTG_HS_WKUP_IRQHandler   0x800'8d55         Code  Wk  startup_stm32f407xx.o [2]
PIDAngleHandle_M1       0x2000'0670   0x50  Data  Gb  mc_position.o [5]
PIDIdHandle_M1          0x2000'01e0   0x50  Data  Gb  mc_config.o [5]
PIDIqHandle_M1          0x2000'0190   0x50  Data  Gb  mc_config.o [5]
PID_GetKD                0x800'62e9    0x6  Code  Wk  pid_regulator.o [3]
PID_GetKI                0x800'62e3    0x6  Code  Wk  pid_regulator.o [3]
PID_GetKIDivisor         0x800'62d9    0x4  Code  Wk  pid_regulator.o [3]
PID_GetKP                0x800'62dd    0x6  Code  Wk  pid_regulator.o [3]
PID_GetKPDivisor         0x800'62d5    0x4  Code  Wk  pid_regulator.o [3]
PID_HandleInit           0x800'3b0d   0x14  Code  Wk  pid_regulator.o [3]
PID_SetIntegralTerm      0x800'3f71    0x4  Code  Wk  pid_regulator.o [3]
PID_SetKD                0x800'625b    0x4  Code  Wk  pid_regulator.o [3]
PID_SetKE                0x800'5f99    0x6  Code  Gb  pid_regulator.o [3]
PID_SetKEC               0x800'5f9f    0x6  Code  Gb  pid_regulator.o [3]
PID_SetKI                0x800'6257    0x4  Code  Wk  pid_regulator.o [3]
PID_SetKP                0x800'6253    0x4  Code  Wk  pid_regulator.o [3]
PID_SetKUI               0x800'5fa9    0x6  Code  Gb  pid_regulator.o [3]
PID_SetKUP               0x800'5fa5    0x4  Code  Gb  pid_regulator.o [3]
PI_Controller            0x800'82b5   0x78  Code  Wk  pid_regulator.o [3]
PQD_CalcElMotorPower     0x800'704d   0x78  Code  Wk  pqd_motor_power_measurement.o [3]
PQD_MotorPowMeasM1      0x2000'002c  0x114  Data  Gb  mc_config.o [5]
PVD_IRQHandler           0x800'8c59         Code  Wk  startup_stm32f407xx.o [2]
PWMC_CheckOverCurrent    0x800'8689    0x4  Code  Wk  pwm_curr_fdbk.o [3]
PWMC_CurrentReadingCalibr
[...]
RCM_handle_array        0x2000'0b60   0x10  Data  Gb  regular_conversion_manager.o [5]
REMNG_Init               0x800'3b61   0x10  Code  Gb  ramp_ext_mngr.o [3]
RLS                     0x2000'0020    0xc  Data  Gb  Matrx.o [5]
RTC_Alarm_IRQHandler     0x800'8cd1         Code  Wk  startup_stm32f407xx.o [2]
RTC_WKUP_IRQHandler      0x800'8c61         Code  Wk  startup_stm32f407xx.o [2]
RUC_GetNumberOfPhases    0x800'6325    0x6  Code  Wk  revup_ctrl.o [3]
RVBS_CalcAvVbus          0x800'868d   0xa2  Code  Wk  r_divider_bus_voltage_sensor.o [3]
RVBS_CheckFaultState     0x800'8749   0x1a  Code  Wk  r_divider_bus_voltage_sensor.o [3]
RVBS_Clear               0x800'3f11   0x5a  Code  Wk  r_divider_bus_voltage_sensor.o [3]
RVBS_Init                0x800'3b21   0x1a  Code  Wk  r_divider_bus_voltage_sensor.o [3]
RampExtMngrHFParamsM1   0x2000'0400   0x18  Data  Gb  mc_config.o [5]
RealBusVoltageSensorFilterBufferM1
                        0x2000'0b88   0x14  Data  Gb  mc_config.o [5]
RealBusVoltageSensorParamsM1
                        0x2000'03d8   0x28  Data  Gb  mc_config.o [5]
Region$$Table$$Base      0x800'8b50          --   Gb  - Linker created -
Region$$Table$$Limit     0x800'8b70          --   Gb  - Linker created -
Reset_Handler            0x800'8c11         Code  Wk  startup_stm32f407xx.o [2]
RxMessage               0x2000'0a3c   0x28  Data  Lc  bsp_CAN.o [5]
SDIO_IRQHandler          0x800'8ce9         Code  Wk  startup_stm32f407xx.o [2]
SPD_GetAvrgMecSpeedUnit
                         0x800'6469    0x6  Code  Wk  speed_pos_fdbk.o [3]
SPD_GetElAngle           0x800'62f5    0x6  Code  Wk  speed_pos_fdbk.o [3]
SPD_GetInstElSpeedDpp    0x800'8383    0x6  Code  Wk  speed_pos_fdbk.o [3]
SPD_GetMecAngle          0x800'3d71    0x4  Code  Wk  speed_pos_fdbk.o [3]
SPD_GetS16Speed          0x800'62fb   0x14  Code  Wk  speed_pos_fdbk.o [3]
SPD_IsMecSpeedReliable   0x800'74b9   0x58  Code  Wk  speed_pos_fdbk.o [3]
SPI1_IRQHandler          0x800'8cbd         Code  Wk  startup_stm32f407xx.o [2]
SPI2_IRQHandler          0x800'8cc1         Code  Wk  startup_stm32f407xx.o [2]
SPI3_IRQHandler          0x800'8cf1         Code  Wk  startup_stm32f407xx.o [2]
STC_CalcTorqueReference
                         0x800'7315   0x52  Code  Wk  speed_torq_ctrl.o [3]
STC_Clear                0x800'3f75   0x10  Code  Wk  speed_torq_ctrl.o [3]
STC_ExecRamp             0x800'7609   0x94  Code  Wk  speed_torq_ctrl.o [3]
STC_ForceSpeedReferenceToCurrentSpeed
                         0x800'73ed   0x10  Code  Wk  speed_torq_ctrl.o [3]
STC_GetDefaultIqdref     0x800'3bed   0x16  Code  Wk  speed_torq_ctrl.o [3]
STC_GetMaxAppPositiveMecSpeedUnit
                         0x800'630f    0x4  Code  Wk  speed_torq_ctrl.o [3]
STC_GetMecSpeedRefUnit   0x800'645d    0xc  Code  Wk  speed_torq_ctrl.o [3]
STC_GetMecSpeedRefUnitDefault
                         0x800'3c17    0x6  Code  Wk  speed_torq_ctrl.o [3]
STC_GetMinAppNegativeMecSpeedUnit
                         0x800'6313    0x6  Code  Wk  speed_torq_ctrl.o [3]
STC_GetSpeedSensor       0x800'3d6d    0x4  Code  Wk  speed_torq_ctrl.o [3]
STC_GetTorqueRef         0x800'776d    0xc  Code  Wk  speed_torq_ctrl.o [3]
STC_Init                 0x800'3ae5   0x24  Code  Wk  speed_torq_ctrl.o [3]
STC_SetControlMode       0x800'73b7    0x8  Code  Wk  speed_torq_ctrl.o [3]
STC_SetSpeedSensor       0x800'71eb    0x4  Code  Wk  speed_torq_ctrl.o [3]
STC_StopRamp             0x800'646f    0x8  Code  Wk  speed_torq_ctrl.o [3]
STM                     0x2000'07a8    0x8  Data  Gb  mc_tasks.o [5]
STM_FaultAcknowledged    0x800'6477   0x16  Code  Wk  state_machine.o [3]
STM_FaultProcessing      0x800'3fe3   0x32  Code  Wk  state_machine.o [3]
STM_GetFaultState        0x800'626b    0xc  Code  Wk  state_machine.o [3]
STM_GetState             0x800'6277    0x4  Code  Wk  state_machine.o [3]
STM_Init                 0x800'38b7    0xa  Code  Wk  state_machine.o [3]
STM_NextState            0x800'3c8d   0xe0  Code  Wk  state_machine.o [3]
SVC_Handler              0x800'8c49         Code  Wk  startup_stm32f407xx.o [2]
Set_Encoder_notAligned   0x800'7479    0x6  Code  Wk  enc_align_ctrl.o [3]
SpeedFuzzyPIComputation
                         0x800'5fb1  0x23c  Code  Gb  pid_regulator.o [3]
SpeednTorqCtrlM1        0x2000'0230   0x34  Data  Gb  mc_config.o [5]
SysTick_Handler          0x800'7dd1   0x22  Code  Gb  stm32f4xx_mc_it.o [5]
SysTick_Handler::SystickDividerCounter
                        0x2000'0bb4    0x1  Data  Lc  stm32f4xx_mc_it.o [5]
SystemClock_Config       0x800'0e71   0xba  Code  Gb  main.o [5]
SystemCoreClock         0x2000'07c8    0x4  Data  Gb  system_stm32f4xx.o [1]
SystemInit               0x800'64ed   0x44  Code  Gb  system_stm32f4xx.o [1]
TAMP_STAMP_IRQHandler    0x800'8c5d         Code  Wk  startup_stm32f407xx.o [2]
TIM1_BRK_TIM9_IRQHandler
                         0x800'8c95         Code  Wk  startup_stm32f407xx.o [2]
TIM1_CC_IRQHandler       0x800'8ca1         Code  Wk  startup_stm32f407xx.o [2]
TIM1_TRG_COM_TIM11_IRQHandler
                         0x800'8c9d         Code  Wk  startup_stm32f407xx.o [2]
TIM1_UP_TIM10_IRQHandler
                         0x800'8c99         Code  Wk  startup_stm32f407xx.o [2]
TIM2_IRQHandler          0x800'7cdf   0x1c  Code  Gb  stm32f4xx_mc_it.o [5]
TIM3_IRQHandler          0x800'8ca5         Code  Wk  startup_stm32f407xx.o [2]
TIM4_IRQHandler          0x800'8ca9         Code  Wk  startup_stm32f407xx.o [2]
TIM5_IRQHandler          0x800'8ced         Code  Wk  startup_stm32f407xx.o [2]
TIM6_DAC_IRQHandler      0x800'8cfd         Code  Wk  startup_stm32f407xx.o [2]
TIM7_IRQHandler          0x800'8d01         Code  Wk  startup_stm32f407xx.o [2]
TIM8_BRK_TIM12_IRQHandler
                         0x800'7cbb   0x24  Code  Gb  stm32f4xx_mc_it.o [5]
TIM8_CC_IRQHandler       0x800'8cdd         Code  Wk  startup_stm32f407xx.o [2]
TIM8_TRG_COM_TIM14_IRQHandler
                         0x800'8cd9         Code  Wk  startup_stm32f407xx.o [2]
TIM8_UP_TIM13_IRQHandler
                         0x800'7cab   0x10  Code  Gb  stm32f4xx_mc_it.o [5]
TIM_Base_SetConfig       0x800'1e2b   0xa4  Code  Gb  stm32f4xx_hal_tim.o [4]
TIM_OC1_SetConfig        0x800'1ecf   0x5c  Code  Lc  stm32f4xx_hal_tim.o [4]
TIM_OC2_SetConfig        0x800'1f2b   0x64  Code  Gb  stm32f4xx_hal_tim.o [4]
TIM_OC3_SetConfig        0x800'1f8f   0x62  Code  Lc  stm32f4xx_hal_tim.o [4]
TIM_OC4_SetConfig        0x800'1ff1   0x48  Code  Lc  stm32f4xx_hal_tim.o [4]
TIM_SlaveTimer_SetConfig
                         0x800'2039   0xd4  Code  Lc  stm32f4xx_hal_tim.o [4]
TSK_ChargeBootCapDelayHasElapsedM1
                         0x800'712d   0x14  Code  Wk  mc_tasks.o [5]
TSK_HardwareFaultTask    0x800'8175   0x20  Code  Wk  mc_tasks.o [5]
TSK_HighFrequencyTask    0x800'7e09   0xc0  Code  Wk  mc_tasks.o [5]
TSK_MediumFrequencyTaskM1
                         0x800'6c81  0x28c  Code  Wk  mc_tasks.o [5]
TSK_SafetyTask           0x800'84a5   0x24  Code  Wk  mc_tasks.o [5]
TSK_SafetyTask_PWMOFF    0x800'85a1   0xb0  Code  Wk  mc_tasks.o [5]
TSK_SetChargeBootCapDelayM1
                         0x800'7121    0xc  Code  Wk  mc_tasks.o [5]
TSK_SetStopPermanencyTimeM1
                         0x800'7499    0xc  Code  Wk  mc_tasks.o [5]
TSK_StopPermanencyTimeHasElapsedM1
                         0x800'74a5   0x14  Code  Wk  mc_tasks.o [5]
Targetspeed             0x2000'0748    0x2  Data  Gb  mc_tasks.o [5]
TempSensorParamsM1      0x2000'03b0   0x28  Data  Gb  mc_config.o [5]
TorqueObserver          0x2000'0768    0x4  Data  Gb  mc_tasks.o [5]
Torque_observation      0x2000'0000   0x20  Data  Gb  luenberge.o [5]
TxMessage               0x2000'0a1c   0x20  Data  Lc  bsp_CAN.o [5]
UART4_IRQHandler         0x800'8cf5         Code  Wk  startup_stm32f407xx.o [2]
UART5_IRQHandler         0x800'8cf9         Code  Wk  startup_stm32f407xx.o [2]
UART_SetConfig           0x800'2771  0x12a  Code  Lc  stm32f4xx_hal_uart.o [4]
UFCP_AbortReceive        0x800'8c29    0x8  Code  Wk  usart_frame_communication_protocol.o [3]
UFCP_Init                0x800'3c2b    0x4  Code  Wk  usart_frame_communication_protocol.o [3]
UFCP_OVR_IRQ_Handler     0x800'815d   0x18  Code  Wk  usart_frame_communication_protocol.o [3]
UFCP_RX_IRQ_Handler      0x800'7ffd   0xe4  Code  Wk  usart_frame_communication_protocol.o [3]
UFCP_Receive             0x800'2233   0x26  Code  Wk  usart_frame_communication_protocol.o [3]
UFCP_Send                0x800'8421   0x84  Code  Wk  usart_frame_communication_protocol.o [3]
UFCP_TX_IRQ_Handler      0x800'80f9   0x64  Code  Wk  usart_frame_communication_protocol.o [3]
UFCP_Usart_Timeout_none
                         0x800'319a    0x2  Data  Lc  usart_frame_communication_protocol.o [3]
UFCP_Usart_Timeout_start
                         0x800'319c    0x2  Data  Lc  usart_frame_communication_protocol.o [3]
UFCP_Usart_Timeout_stop
                         0x800'319e    0x2  Data  Lc  usart_frame_communication_protocol.o [3]
UI_ExecCmd               0x800'5e21   0x9a  Code  Wk  user_interface.o [5]
UI_ExecSpeedRamp         0x800'5ebd   0x30  Code  Wk  user_interface.o [5]
UI_ExecTorqueRamp        0x800'5eed   0x12  Code  Wk  user_interface.o [5]
UI_GetMPInfo             0x800'5f77    0x4  Code  Wk  user_interface.o [5]
UI_GetReg                0x800'5a49  0x3d8  Code  Wk  user_interface.o [5]
UI_GetSelectedMC         0x800'6267    0x4  Code  Wk  user_interface.o [5]
UI_Init                  0x800'3c75   0x18  Code  Wk  user_interface.o [5]
UI_Params               0x2000'0b70   0x18  Data  Gb  mc_config.o [5]
UI_Scheduler             0x800'84c9   0x2c  Code  Wk  ui_task.o [5]
UI_SelectMC              0x800'5f83   0x14  Code  Wk  user_interface.o [5]
UI_SerialCommunicationTimeOutStart
                         0x800'80e1    0xc  Code  Wk  ui_task.o [5]
UI_SerialCommunicationTimeOutStop
                         0x800'80ed    0xc  Code  Wk  ui_task.o [5]
UI_SetControlModel       0x800'5f19   0x44  Code  Gb  user_interface.o [5]
UI_SetCurrentReferences
                         0x800'5f5d   0x1a  Code  Wk  user_interface.o [5]
UI_SetReg                0x800'57ed  0x1e4  Code  Wk  user_interface.o [5]
UI_SetRegFloat           0x800'59d1   0x78  Code  Wk  user_interface.o [5]
UI_TaskInit              0x800'37ad   0x70  Code  Gb  ui_task.o [5]
USART1_IRQHandler        0x800'7cfb   0x6c  Code  Gb  stm32f4xx_mc_it.o [5]
USART2_IRQHandler        0x800'8cc5         Code  Wk  startup_stm32f407xx.o [2]
USART3_IRQHandler        0x800'8cc9         Code  Wk  startup_stm32f407xx.o [2]
USART6_IRQHandler        0x800'8d41         Code  Wk  startup_stm32f407xx.o [2]
UsageFault_Handler       0x800'8c45         Code  Wk  startup_stm32f407xx.o [2]
VBS_GetAvBusVoltage_V    0x800'627b    0xc  Code  Wk  bus_voltage_sensor.o [3]
VSS_Clear                0x800'3d75   0x2e  Code  Wk  virtual_speed_sensor.o [3]
VSS_Init                 0x800'3b09    0x4  Code  Wk  virtual_speed_sensor.o [3]
VSS_SetMecAcceleration   0x800'7571   0x88  Code  Wk  virtual_speed_sensor.o [3]
VSS_SetMecAngle          0x800'75f9    0xe  Code  Wk  virtual_speed_sensor.o [3]
VirtualSpeedSensorM1    0x2000'02e0   0x38  Data  Gb  mc_config.o [5]
WWDG_IRQHandler          0x800'8c55         Code  Wk  startup_stm32f407xx.o [2]
__aeabi_cdcmpeq          0x800'469d         Code  Gb  DblCmpEq.o [7]
__aeabi_cdcmple          0x800'472d         Code  Gb  DblCmpLe.o [7]
__aeabi_cdrcmple         0x800'4e11         Code  Gb  DblCmpGe.o [7]
__aeabi_d2f              0x800'63f5         Code  Gb  DblToFlt.o [7]
__aeabi_d2iz             0x800'4b6d         Code  Gb  DblToS32.o [7]
__aeabi_dadd             0x800'490d         Code  Gb  DblAddSub.o [7]
__aeabi_ddiv             0x800'4bc9         Code  Gb  DblDiv.o [7]
__aeabi_dmul             0x800'4761         Code  Gb  DblMul.o [7]
__aeabi_dsub             0x800'4a89         Code  Gb  DblAddSub.o [7]
__aeabi_f2d              0x800'63ad         Code  Gb  FltToDbl.o [7]
__aeabi_i2d              0x800'4ba5         Code  Gb  S32ToDbl.o [7]
__aeabi_ldiv0            0x800'38b5         Code  Gb  I64DivZer.o [8]
__aeabi_memclr           0x800'5f7d         Code  Gb  ABImemclr.o [8]
__aeabi_memclr4          0x800'1af9         Code  Gb  ABImemclr4.o [8]
__aeabi_memset           0x800'3135         Code  Gb  ABImemset.o [8]
__aeabi_uldivmod         0x800'3255         Code  Gb  I64DivMod.o [8]
__cmain                  0x800'8b91         Code  Gb  cmain.o [8]
__exit                   0x800'8bc5   0x14  Code  Gb  exit.o [9]
__iar_Exp64              0x800'4e45  0x2c8  Code  Gb  iar_Exp64.o [7]
__iar_Memset             0x800'3135         Code  Gb  ABImemset.o [8]
__iar_Memset4_word       0x800'3221         Code  Gb  ABImemset48.o [8]
__iar_Memset8_word       0x800'3221         Code  Gb  ABImemset48.o [8]
__iar_Memset_word        0x800'313d         Code  Gb  ABImemset.o [8]
__iar_data_init3         0x800'8b05   0x28  Code  Gb  data_init.o [8]
__iar_exp64              0x800'648d   0x60  Code  Gb  exp64.o [7]
__iar_exp_medium         0x800'648d   0x60  Code  Gb  exp64.o [7]
__iar_exp_medium64       0x800'648d   0x60  Code  Gb  exp64.o [7]
__iar_exp_mediuml        0x800'648d   0x60  Code  Gb  exp64.o [7]
__iar_frexp              0x800'46c9         Code  Gb  frexp.o [7]
__iar_frexpl             0x800'46c9         Code  Gb  frexp.o [7]
__iar_init_vfp           0x800'8b2d         Code  Gb  fpinit_M.o [7]
__iar_ldexp64            0x800'5175         Code  Gb  ldexp.o [7]
__iar_lz77_init_single3
                         0x800'0977   0x7e  Code  Gb  lz77_init_single.o [8]
__iar_pow64              0x800'4015  0x688  Code  Gb  pow64.o [7]
__iar_pow_medium         0x800'4015  0x688  Code  Gb  pow64.o [7]
__iar_pow_medium64       0x800'4015  0x688  Code  Gb  pow64.o [7]
__iar_pow_mediuml        0x800'4015  0x688  Code  Gb  pow64.o [7]
__iar_program_start      0x800'8bd9         Code  Gb  cstartup_M.o [8]
__iar_scalbln64          0x800'5175         Code  Gb  ldexp.o [7]
__iar_scalbn64           0x800'5175         Code  Gb  ldexp.o [7]
__iar_softfp___iar_frexp64
                         0x800'46bd         Code  Gb  frexp.o [7]
__iar_softfp_frexp       0x800'46bd         Code  Gb  frexp.o [7]
__iar_softfp_frexpl      0x800'46bd         Code  Gb  frexp.o [7]
__iar_vfp_exp            0x800'638f    0xc  Code  Gb  math_wrappers64.o [7]
__iar_vfp_pow            0x800'639b   0x10  Code  Gb  math_wrappers64.o [7]
__iar_zero_init3         0x800'8a9b   0x38  Code  Gb  zero_init3.o [8]
__low_level_init         0x800'8baf    0x4  Code  Gb  low_level_init.o [6]
__vector_table           0x800'0000         Data  Gb  startup_stm32f407xx.o [2]
_call_main               0x800'8b9d         Code  Gb  cmain.o [8]
_exit                    0x800'8bb9         Code  Gb  cexit.o [8]
bCOMATRTimeCounter      0x2000'07d0    0x2  Data  Lc  ui_task.o [5]
bCOMTimeoutCounter      0x2000'07ce    0x2  Data  Lc  ui_task.o [5]
bMCBootCompleted        0x2000'073c    0x1  Data  Gb  mc_tasks.o [5]
bUITaskCounter          0x2000'07cc    0x2  Data  Lc  ui_task.o [5]
exit                     0x800'8bb3    0x4  Code  Gb  exit.o [6]
exp                      0x800'648d   0x60  Code  Gb  exp64.o [7]
expl                     0x800'648d   0x60  Code  Gb  exp64.o [7]
hBootCapDelayCounterM1  0x2000'0742    0x2  Data  Lc  mc_tasks.o [5]
hCAN                    0x2000'09d8   0x44  Data  Gb  bsp_CAN.o [5]
hMFTaskCounterM1        0x2000'0740    0x2  Data  Lc  mc_tasks.o [5]
hSin_Cos_Table           0x800'7778  0x200  Data  Gb  mc_math.o [5]
hStopPermanencyCounterM1
                        0x2000'0744    0x2  Data  Lc  mc_tasks.o [5]
hadc1                   0x2000'07d4   0x48  Data  Gb  main.o [5]
hadc2                   0x2000'081c   0x48  Data  Gb  main.o [5]
hspi1                   0x2000'0a64   0x58  Data  Gb  ADspi.o [5]
htim1                   0x2000'0afc   0x40  Data  Gb  Handwheel_encoder.o [5]
htim2                   0x2000'08a4   0x40  Data  Gb  main.o [5]
htim3                   0x2000'0abc   0x40  Data  Gb  ADtim.o [5]
htim8                   0x2000'08e4   0x40  Data  Gb  main.o [5]
huart1                  0x2000'0864   0x40  Data  Gb  main.o [5]
ldexp                    0x800'5175         Code  Gb  ldexp.o [7]
ldexpl                   0x800'5175         Code  Gb  ldexp.o [7]
lnbias                   0x800'6550  0x420  Data  Lc  pow64.o [7]
main                     0x800'09f5  0x45e  Code  Gb  main.o [5]
mc_lock_pins             0x800'366d  0x140  Code  Wk  mc_tasks.o [5]
oMCInterface            0x2000'074c    0x4  Data  Gb  mc_tasks.o [5]
pBusSensorM1            0x2000'0774    0x4  Data  Gb  mc_tasks.o [5]
pCLM                    0x2000'0784    0x4  Data  Gb  mc_tasks.o [5]
pEAC                    0x2000'0770    0x4  Data  Gb  mc_tasks.o [5]
pMCI                    0x2000'07b0    0x4  Data  Gb  motorcontrol.o [5]
pMCP                    0x2000'09d4    0x4  Data  Gb  ui_task.o [5]
pMCT                    0x2000'07b4    0x4  Data  Gb  motorcontrol.o [5]
pMPM                    0x2000'0780    0x4  Data  Gb  mc_tasks.o [5]
pPIDId                  0x2000'075c    0x4  Data  Gb  mc_tasks.o [5]
pPIDIq                  0x2000'0758    0x4  Data  Gb  mc_tasks.o [5]
pPIDPosition            0x2000'0764    0x4  Data  Gb  mc_tasks.o [5]
pPIDSpeed               0x2000'0754    0x4  Data  Gb  mc_tasks.o [5]
pREMNG                  0x2000'0788    0x4  Data  Gb  mc_tasks.o [5]
pRLS                    0x2000'076c    0x4  Data  Gb  mc_tasks.o [5]
pSTC                    0x2000'0750    0x4  Data  Gb  mc_tasks.o [5]
pTemperatureSensor      0x2000'0778    0x4  Data  Gb  mc_tasks.o [5]
pUSART                  0x2000'04cc  0x13c  Data  Gb  mc_config.o [5]
pow                      0x800'4015  0x688  Code  Gb  pow64.o [7]
powl                     0x800'4015  0x688  Code  Gb  pow64.o [7]
pwmcHandle              0x2000'077c    0x4  Data  Gb  mc_tasks.o [5]
s_fwVer                  0x800'8b70   0x20  Data  Gb  motorcontrol.o [5]
scalbln                  0x800'5175         Code  Gb  ldexp.o [7]
scalblnl                 0x800'5175         Code  Gb  ldexp.o [7]
scalbn                   0x800'5175         Code  Gb  ldexp.o [7]
scalbnl                  0x800'5175         Code  Gb  ldexp.o [7]
speedruleKi              0x800'7a3c   0xc4  Data  Lc  pid_regulator.o [3]
speedruleKp              0x800'7978   0xc4  Data  Lc  pid_regulator.o [3]
startTimers              0x800'3999   0x5c  Code  Wk  pwm_common.o [3]
uwTick                  0x2000'07c0    0x4  Data  Gb  stm32f4xx_hal.o [4]
uwTickFreq              0x2000'07bc    0x1  Data  Gb  stm32f4xx_hal.o [4]
uwTickPrio              0x2000'07c4    0x4  Data  Gb  stm32f4xx_hal.o [4]
wConfig                 0x2000'07b8    0x4  Data  Gb  motorcontrol.o [5]
waitForPolarizationEnd   0x800'8875   0x3e  Code  Wk  pwm_common.o [3]


[1] = D:\STM\STM2 PI\P_FPI\YSF4_HAL_MOTOR-658. FOC_v5.4.3_42PMSM_encoder\YS-F4_FOC-021. FOC_v5.4.3_42PMSM_encoder\EWARM\YS-F4_FOC-021. FOC_v5.4.3_42PMSM_encoder\Obj\CMSIS_6603591812247902717.dir
[2] = D:\STM\STM2 PI\P_FPI\YSF4_HAL_MOTOR-658. FOC_v5.4.3_42PMSM_encoder\YS-F4_FOC-021. FOC_v5.4.3_42PMSM_encoder\EWARM\YS-F4_FOC-021. FOC_v5.4.3_42PMSM_encoder\Obj\EWARM_18443280873093131863.dir
[3] = D:\STM\STM2 PI\P_FPI\YSF4_HAL_MOTOR-658. FOC_v5.4.3_42PMSM_encoder\YS-F4_FOC-021. FOC_v5.4.3_42PMSM_encoder\EWARM\YS-F4_FOC-021. FOC_v5.4.3_42PMSM_encoder\Obj\MotorControl_8024592486813348213.dir
[4] = D:\STM\STM2 PI\P_FPI\YSF4_HAL_MOTOR-658. FOC_v5.4.3_42PMSM_encoder\YS-F4_FOC-021. FOC_v5.4.3_42PMSM_encoder\EWARM\YS-F4_FOC-021. FOC_v5.4.3_42PMSM_encoder\Obj\STM32F4xx_HAL_Driver_1244631019742807970.dir
[5] = D:\STM\STM2 PI\P_FPI\YSF4_HAL_MOTOR-658. FOC_v5.4.3_42PMSM_encoder\YS-F4_FOC-021. FOC_v5.4.3_42PMSM_encoder\EWARM\YS-F4_FOC-021. FOC_v5.4.3_42PMSM_encoder\Obj\User_8454777428142420917.dir
[6] = dl7M_tlf.a
[7] = m7M_tls.a
[8] = rt7M_tl.a
[9] = shb_l.a

  34'010 bytes of readonly  code memory
   2'725 bytes of readonly  data memory
   4'019 bytes of readwrite data memory

Errors: none
Warnings: none
